sweep start Wed Aug  5 08:32:14 PM CEST 2026
20:32:33 none rep1 done
20:32:54 none rep2 done
20:33:15 none rep3 done
20:33:36 none rep4 done
20:33:58 none rep5 done
20:34:19 none rep6 done
20:34:39 none rep7 done
20:35:03 lz4 rep1 done
20:35:26 lz4 rep2 done
20:35:49 lz4 rep3 done
20:36:12 lz4 rep4 done
20:36:35 lz4 rep5 done
20:36:58 lz4 rep6 done
20:37:21 lz4 rep7 done
20:37:39 zfp rep1 done
20:37:56 zfp rep2 done
20:38:14 zfp rep3 done
20:38:32 zfp rep4 done
20:38:49 zfp rep5 done
20:39:05 zfp rep6 done
20:39:22 zfp rep7 done
20:39:44 hybrid0 rep1 done
20:40:07 hybrid0 rep2 done
20:40:30 hybrid0 rep3 done
20:40:52 hybrid0 rep4 done
20:41:14 hybrid0 rep5 done
20:41:36 hybrid0 rep6 done
20:41:58 hybrid0 rep7 done
20:42:16 hybrid25 rep1 done
20:42:34 hybrid25 rep2 done
20:42:52 hybrid25 rep3 done
20:43:10 hybrid25 rep4 done
20:43:28 hybrid25 rep5 done
20:43:46 hybrid25 rep6 done
20:44:04 hybrid25 rep7 done
20:44:21 hybrid50 rep1 done
20:44:38 hybrid50 rep2 done
20:44:55 hybrid50 rep3 done
20:45:13 hybrid50 rep4 done
20:45:30 hybrid50 rep5 done
20:45:47 hybrid50 rep6 done
20:46:03 hybrid50 rep7 done
20:46:20 hybrid75 rep1 done
20:46:36 hybrid75 rep2 done
20:46:52 hybrid75 rep3 done
20:47:09 hybrid75 rep4 done
20:47:25 hybrid75 rep5 done
20:47:41 hybrid75 rep6 done
20:47:58 hybrid75 rep7 done
20:48:14 hybrid90 rep1 done
20:48:30 hybrid90 rep2 done
20:48:47 hybrid90 rep3 done
20:49:04 hybrid90 rep4 done
20:49:21 hybrid90 rep5 done
20:49:37 hybrid90 rep6 done
20:49:53 hybrid90 rep7 done
20:50:10 hybrid100 rep1 done
20:50:27 hybrid100 rep2 done
20:50:43 hybrid100 rep3 done
20:50:59 hybrid100 rep4 done
20:51:14 hybrid100 rep5 done
20:51:31 hybrid100 rep6 done
20:51:48 hybrid100 rep7 done
sweep end Wed Aug  5 08:51:49 PM CEST 2026
SWEEP_DONE
