HIP device: AMD Instinct MI210, block 32x16, kernel 2d
hybrid frame=0 zero_frac=1.0000 codec=lz4
comp frame=0 ms=6.077 bytes=781568
hybrid frame=1 zero_frac=0.9882 codec=lz4
comp frame=1 ms=2.512 bytes=2004824
hybrid frame=2 zero_frac=0.9735 codec=lz4
comp frame=2 ms=4.543 bytes=3553824
hybrid frame=3 zero_frac=0.9615 codec=lz4
comp frame=3 ms=5.270 bytes=4763450
hybrid frame=4 zero_frac=0.9501 codec=lz4
comp frame=4 ms=5.764 bytes=5929867
hybrid frame=5 zero_frac=0.9391 codec=lz4
comp frame=5 ms=5.849 bytes=7018761
hybrid frame=6 zero_frac=0.9282 codec=lz4
comp frame=6 ms=6.326 bytes=8116497
hybrid frame=7 zero_frac=0.9164 codec=lz4
comp frame=7 ms=6.985 bytes=9286897
hybrid frame=8 zero_frac=0.9037 codec=lz4
comp frame=8 ms=7.442 bytes=10571941
hybrid frame=9 zero_frac=0.8897 codec=lz4
comp frame=9 ms=7.960 bytes=11925954
hybrid frame=10 zero_frac=0.8746 codec=lz4
comp frame=10 ms=8.165 bytes=13405828
hybrid frame=11 zero_frac=0.8584 codec=lz4
comp frame=11 ms=8.820 bytes=14996585
hybrid frame=12 zero_frac=0.8412 codec=lz4
comp frame=12 ms=9.620 bytes=16686792
hybrid frame=13 zero_frac=0.8229 codec=lz4
comp frame=13 ms=80.178 bytes=18513434
hybrid frame=14 zero_frac=0.8037 codec=lz4
comp frame=14 ms=10.789 bytes=20387138
hybrid frame=15 zero_frac=0.7831 codec=lz4
comp frame=15 ms=11.895 bytes=22448130
hybrid frame=16 zero_frac=0.7616 codec=lz4
comp frame=16 ms=12.362 bytes=24543236
hybrid frame=17 zero_frac=0.7389 codec=zfp_acc
comp frame=17 ms=17.473 bytes=5396552
hybrid frame=18 zero_frac=0.7150 codec=zfp_acc
comp frame=18 ms=2.748 bytes=5743968
hybrid frame=19 zero_frac=0.6899 codec=zfp_acc
comp frame=19 ms=2.820 bytes=6118560
hybrid frame=20 zero_frac=0.6636 codec=zfp_acc
comp frame=20 ms=2.789 bytes=6522192
hybrid frame=21 zero_frac=0.6361 codec=zfp_acc
comp frame=21 ms=2.757 bytes=6959608
hybrid frame=22 zero_frac=0.6073 codec=zfp_acc
comp frame=22 ms=2.843 bytes=7438184
hybrid frame=23 zero_frac=0.5776 codec=zfp_acc
comp frame=23 ms=2.895 bytes=7952448
hybrid frame=24 zero_frac=0.5468 codec=zfp_acc
comp frame=24 ms=2.881 bytes=8508896
hybrid frame=25 zero_frac=0.5155 codec=zfp_acc
comp frame=25 ms=2.871 bytes=9096144
hybrid frame=26 zero_frac=0.4838 codec=zfp_acc
comp frame=26 ms=2.885 bytes=9723064
hybrid frame=27 zero_frac=0.4524 codec=zfp_acc
comp frame=27 ms=3.436 bytes=10391776
hybrid frame=28 zero_frac=0.4212 codec=zfp_acc
comp frame=28 ms=2.951 bytes=11103904
hybrid frame=29 zero_frac=0.3909 codec=zfp_acc
comp frame=29 ms=3.003 bytes=11866520
hybrid frame=30 zero_frac=0.3613 codec=zfp_acc
comp frame=30 ms=3.066 bytes=12684480
hybrid frame=31 zero_frac=0.3332 codec=zfp_acc
comp frame=31 ms=3.131 bytes=13549984
hybrid frame=32 zero_frac=0.3067 codec=zfp_acc
comp frame=32 ms=3.187 bytes=14456720
hybrid frame=33 zero_frac=0.2816 codec=zfp_acc
comp frame=33 ms=3.797 bytes=15411992
hybrid frame=34 zero_frac=0.2584 codec=zfp_acc
comp frame=34 ms=3.314 bytes=16421352
hybrid frame=35 zero_frac=0.2367 codec=zfp_acc
comp frame=35 ms=3.370 bytes=17513872
hybrid frame=36 zero_frac=0.2166 codec=zfp_acc
comp frame=36 ms=3.456 bytes=18664808
hybrid frame=37 zero_frac=0.1980 codec=zfp_acc
comp frame=37 ms=3.518 bytes=19851016
hybrid frame=38 zero_frac=0.1810 codec=zfp_acc
comp frame=38 ms=3.567 bytes=21090296
hybrid frame=39 zero_frac=0.1656 codec=zfp_acc
comp frame=39 ms=3.616 bytes=22384712
hybrid frame=40 zero_frac=0.1517 codec=zfp_acc
comp frame=40 ms=4.292 bytes=23746632
hybrid frame=41 zero_frac=0.1395 codec=zfp_acc
comp frame=41 ms=3.995 bytes=25168160
hybrid frame=42 zero_frac=0.1287 codec=zfp_acc
comp frame=42 ms=4.266 bytes=26652928
hybrid frame=43 zero_frac=0.1195 codec=zfp_acc
comp frame=43 ms=4.553 bytes=28195816
hybrid frame=44 zero_frac=0.1117 codec=zfp_acc
comp frame=44 ms=4.597 bytes=29794632
hybrid frame=45 zero_frac=0.1053 codec=zfp_acc
comp frame=45 ms=4.702 bytes=31441448
hybrid frame=46 zero_frac=0.1000 codec=zfp_acc
comp frame=46 ms=4.748 bytes=33124728
hybrid frame=47 zero_frac=0.0957 codec=zfp_acc
comp frame=47 ms=4.889 bytes=34838088
hybrid frame=48 zero_frac=0.0922 codec=zfp_acc
comp frame=48 ms=5.784 bytes=36569200
hybrid frame=49 zero_frac=0.0894 codec=zfp_acc
comp frame=49 ms=5.094 bytes=38303920
hybrid frame=50 zero_frac=0.0872 codec=zfp_acc
comp frame=50 ms=5.128 bytes=40034000
hybrid frame=51 zero_frac=0.0854 codec=zfp_acc
comp frame=51 ms=5.248 bytes=41755344
hybrid frame=52 zero_frac=0.0841 codec=zfp_acc
comp frame=52 ms=5.320 bytes=43450648
hybrid frame=53 zero_frac=0.0831 codec=zfp_acc
comp frame=53 ms=5.375 bytes=45144008
hybrid frame=54 zero_frac=0.0823 codec=zfp_acc
comp frame=54 ms=5.522 bytes=46796992
hybrid frame=55 zero_frac=0.0818 codec=zfp_acc
comp frame=55 ms=5.531 bytes=48386504
hybrid frame=56 zero_frac=0.0815 codec=zfp_acc
comp frame=56 ms=5.863 bytes=49915720
hybrid frame=57 zero_frac=0.0813 codec=zfp_acc
comp frame=57 ms=5.641 bytes=51364280
hybrid frame=58 zero_frac=0.0811 codec=zfp_acc
comp frame=58 ms=6.238 bytes=52752880
hybrid frame=59 zero_frac=0.0811 codec=zfp_acc
comp frame=59 ms=5.796 bytes=54040312
hybrid frame=60 zero_frac=0.0811 codec=zfp_acc
comp frame=60 ms=5.798 bytes=55245592
hybrid frame=61 zero_frac=0.0810 codec=zfp_acc
comp frame=61 ms=5.830 bytes=56357768
hybrid frame=62 zero_frac=0.0810 codec=zfp_acc
comp frame=62 ms=5.838 bytes=57374704
hybrid frame=63 zero_frac=0.0810 codec=zfp_acc
comp frame=63 ms=5.878 bytes=58297248
hybrid frame=64 zero_frac=0.0810 codec=zfp_acc
comp frame=64 ms=5.880 bytes=59127832
hybrid frame=65 zero_frac=0.0810 codec=zfp_acc
comp frame=65 ms=5.882 bytes=59862208
hybrid frame=66 zero_frac=0.0810 codec=zfp_acc
comp frame=66 ms=5.866 bytes=60505736
hybrid frame=67 zero_frac=0.0810 codec=zfp_acc
comp frame=67 ms=5.869 bytes=61070208
hybrid frame=68 zero_frac=0.0810 codec=zfp_acc
comp frame=68 ms=5.854 bytes=61567880
hybrid frame=69 zero_frac=0.0810 codec=zfp_acc
comp frame=69 ms=5.891 bytes=62018176
hybrid frame=70 zero_frac=0.0810 codec=zfp_acc
comp frame=70 ms=5.845 bytes=62426448
hybrid frame=71 zero_frac=0.0810 codec=zfp_acc
comp frame=71 ms=5.869 bytes=62791464
hybrid frame=72 zero_frac=0.0810 codec=zfp_acc
comp frame=72 ms=5.842 bytes=63099448
hybrid frame=73 zero_frac=0.0810 codec=zfp_acc
comp frame=73 ms=5.880 bytes=63371192
hybrid frame=74 zero_frac=0.0810 codec=zfp_acc
comp frame=74 ms=6.877 bytes=63617064
hybrid frame=75 zero_frac=0.0810 codec=zfp_acc
comp frame=75 ms=5.885 bytes=63844024
hybrid frame=76 zero_frac=0.0810 codec=zfp_acc
comp frame=76 ms=5.873 bytes=64048768
hybrid frame=77 zero_frac=0.0810 codec=zfp_acc
comp frame=77 ms=5.871 bytes=64221504
hybrid frame=78 zero_frac=0.0810 codec=zfp_acc
comp frame=78 ms=5.860 bytes=64364888
hybrid frame=79 zero_frac=0.0810 codec=zfp_acc
comp frame=79 ms=5.836 bytes=64483936
hybrid frame=80 zero_frac=0.0810 codec=zfp_acc
comp frame=80 ms=5.800 bytes=64582808
hybrid frame=81 zero_frac=0.0810 codec=zfp_acc
comp frame=81 ms=5.867 bytes=64655840
hybrid frame=82 zero_frac=0.0810 codec=zfp_acc
comp frame=82 ms=5.843 bytes=64720664
hybrid frame=83 zero_frac=0.0810 codec=zfp_acc
comp frame=83 ms=5.858 bytes=64796800
hybrid frame=84 zero_frac=0.0810 codec=zfp_acc
comp frame=84 ms=5.858 bytes=64876696
hybrid frame=85 zero_frac=0.0810 codec=zfp_acc
comp frame=85 ms=5.843 bytes=64945120
hybrid frame=86 zero_frac=0.0810 codec=zfp_acc
comp frame=86 ms=5.828 bytes=65016736
hybrid frame=87 zero_frac=0.0810 codec=zfp_acc
comp frame=87 ms=8.734 bytes=65062248
hybrid frame=88 zero_frac=0.0810 codec=zfp_acc
comp frame=88 ms=6.823 bytes=65109360
hybrid frame=89 zero_frac=0.0810 codec=zfp_acc
comp frame=89 ms=7.010 bytes=65157472
hybrid frame=90 zero_frac=0.0810 codec=zfp_acc
comp frame=90 ms=6.924 bytes=65201200
hybrid frame=91 zero_frac=0.0810 codec=zfp_acc
comp frame=91 ms=7.005 bytes=65249968
hybrid frame=92 zero_frac=0.0810 codec=zfp_acc
comp frame=92 ms=7.000 bytes=65290376
hybrid frame=93 zero_frac=0.0810 codec=zfp_acc
comp frame=93 ms=8.371 bytes=65329144
hybrid frame=94 zero_frac=0.0810 codec=zfp_acc
comp frame=94 ms=5.947 bytes=65377592
hybrid frame=95 zero_frac=0.0810 codec=zfp_acc
comp frame=95 ms=5.959 bytes=65415648
hybrid frame=96 zero_frac=0.0810 codec=zfp_acc
comp frame=96 ms=5.870 bytes=65459912
hybrid frame=97 zero_frac=0.0810 codec=zfp_acc
comp frame=97 ms=5.864 bytes=65505576
hybrid frame=98 zero_frac=0.0810 codec=zfp_acc
comp frame=98 ms=5.860 bytes=65557488
hybrid frame=99 zero_frac=0.0810 codec=zfp_acc
comp frame=99 ms=5.844 bytes=65603976
hybrid frame=100 zero_frac=0.0810 codec=zfp_acc
comp frame=100 ms=5.863 bytes=65652216
backend=HIP kernel=2d grid=248x248x248 absorb=16 st=1000 frames=101
propagate walltime (s) = 10.396197
total time (s)         = 12.313165
MSamples/s             = 2112
VmHWM (kB)             = 1549516
compression            = hybrid75, 9650700288 -> 3851524942 bytes, ratio 2.51x
csv,HIP,2d,248,248,248,16,1000,10.396197,12.313165,2112,1549516
hybrid summary: theta=0.75 frames lz4=17 zfp_acc=84
rsf_bytes=3851525750
