HIP device: AMD Instinct MI210, block 32x16, kernel 2d
hybrid frame=0 zero_frac=1.0000 codec=lz4
comp frame=0 ms=6.378 bytes=781568
hybrid frame=1 zero_frac=0.9882 codec=lz4
comp frame=1 ms=2.465 bytes=2004824
hybrid frame=2 zero_frac=0.9735 codec=lz4
comp frame=2 ms=4.483 bytes=3553824
hybrid frame=3 zero_frac=0.9615 codec=lz4
comp frame=3 ms=5.294 bytes=4763450
hybrid frame=4 zero_frac=0.9501 codec=lz4
comp frame=4 ms=5.726 bytes=5929867
hybrid frame=5 zero_frac=0.9391 codec=lz4
comp frame=5 ms=5.753 bytes=7018761
hybrid frame=6 zero_frac=0.9282 codec=lz4
comp frame=6 ms=6.311 bytes=8116497
hybrid frame=7 zero_frac=0.9164 codec=lz4
comp frame=7 ms=7.078 bytes=9286897
hybrid frame=8 zero_frac=0.9037 codec=lz4
comp frame=8 ms=7.429 bytes=10571941
hybrid frame=9 zero_frac=0.8897 codec=lz4
comp frame=9 ms=7.932 bytes=11925954
hybrid frame=10 zero_frac=0.8746 codec=lz4
comp frame=10 ms=8.972 bytes=13405828
hybrid frame=11 zero_frac=0.8584 codec=lz4
comp frame=11 ms=9.404 bytes=14996585
hybrid frame=12 zero_frac=0.8412 codec=lz4
comp frame=12 ms=10.632 bytes=16686792
hybrid frame=13 zero_frac=0.8229 codec=lz4
comp frame=13 ms=11.272 bytes=18513434
hybrid frame=14 zero_frac=0.8037 codec=lz4
comp frame=14 ms=11.912 bytes=20387138
hybrid frame=15 zero_frac=0.7831 codec=lz4
comp frame=15 ms=12.639 bytes=22448130
hybrid frame=16 zero_frac=0.7616 codec=lz4
comp frame=16 ms=13.255 bytes=24543236
hybrid frame=17 zero_frac=0.7389 codec=zfp_acc
comp frame=17 ms=70.982 bytes=5396552
hybrid frame=18 zero_frac=0.7150 codec=zfp_acc
comp frame=18 ms=2.860 bytes=5743968
hybrid frame=19 zero_frac=0.6899 codec=zfp_acc
comp frame=19 ms=2.835 bytes=6118560
hybrid frame=20 zero_frac=0.6636 codec=zfp_acc
comp frame=20 ms=2.986 bytes=6522192
hybrid frame=21 zero_frac=0.6361 codec=zfp_acc
comp frame=21 ms=2.911 bytes=6959608
hybrid frame=22 zero_frac=0.6073 codec=zfp_acc
comp frame=22 ms=2.943 bytes=7438184
hybrid frame=23 zero_frac=0.5776 codec=zfp_acc
comp frame=23 ms=2.914 bytes=7952448
hybrid frame=24 zero_frac=0.5468 codec=zfp_acc
comp frame=24 ms=3.534 bytes=8508896
hybrid frame=25 zero_frac=0.5155 codec=zfp_acc
comp frame=25 ms=3.078 bytes=9096144
hybrid frame=26 zero_frac=0.4838 codec=zfp_acc
comp frame=26 ms=3.146 bytes=9723064
hybrid frame=27 zero_frac=0.4524 codec=zfp_acc
comp frame=27 ms=3.142 bytes=10391776
hybrid frame=28 zero_frac=0.4212 codec=zfp_acc
comp frame=28 ms=3.291 bytes=11103904
hybrid frame=29 zero_frac=0.3909 codec=zfp_acc
comp frame=29 ms=3.333 bytes=11866520
hybrid frame=30 zero_frac=0.3613 codec=zfp_acc
comp frame=30 ms=3.761 bytes=12684480
hybrid frame=31 zero_frac=0.3332 codec=zfp_acc
comp frame=31 ms=3.262 bytes=13549984
hybrid frame=32 zero_frac=0.3067 codec=zfp_acc
comp frame=32 ms=3.289 bytes=14456720
hybrid frame=33 zero_frac=0.2816 codec=zfp_acc
comp frame=33 ms=3.355 bytes=15411992
hybrid frame=34 zero_frac=0.2584 codec=zfp_acc
comp frame=34 ms=3.435 bytes=16421352
hybrid frame=35 zero_frac=0.2367 codec=zfp_acc
comp frame=35 ms=3.463 bytes=17513872
hybrid frame=36 zero_frac=0.2166 codec=zfp_acc
comp frame=36 ms=4.112 bytes=18664808
hybrid frame=37 zero_frac=0.1980 codec=zfp_acc
comp frame=37 ms=3.569 bytes=19851016
hybrid frame=38 zero_frac=0.1810 codec=zfp_acc
comp frame=38 ms=3.645 bytes=21090296
hybrid frame=39 zero_frac=0.1656 codec=zfp_acc
comp frame=39 ms=3.717 bytes=22384712
hybrid frame=40 zero_frac=0.1517 codec=zfp_acc
comp frame=40 ms=3.804 bytes=23746632
hybrid frame=41 zero_frac=0.1395 codec=zfp_acc
comp frame=41 ms=4.306 bytes=25168160
hybrid frame=42 zero_frac=0.1287 codec=zfp_acc
comp frame=42 ms=4.882 bytes=26652928
hybrid frame=43 zero_frac=0.1195 codec=zfp_acc
comp frame=43 ms=5.075 bytes=28195816
hybrid frame=44 zero_frac=0.1117 codec=zfp_acc
comp frame=44 ms=6.055 bytes=29794632
hybrid frame=45 zero_frac=0.1053 codec=zfp_acc
comp frame=45 ms=5.457 bytes=31441448
hybrid frame=46 zero_frac=0.1000 codec=zfp_acc
comp frame=46 ms=5.486 bytes=33124728
hybrid frame=47 zero_frac=0.0957 codec=zfp_acc
comp frame=47 ms=5.623 bytes=34838088
hybrid frame=48 zero_frac=0.0922 codec=zfp_acc
comp frame=48 ms=5.755 bytes=36569200
hybrid frame=49 zero_frac=0.0894 codec=zfp_acc
comp frame=49 ms=7.458 bytes=38303920
hybrid frame=50 zero_frac=0.0872 codec=zfp_acc
comp frame=50 ms=7.670 bytes=40034000
hybrid frame=51 zero_frac=0.0854 codec=zfp_acc
comp frame=51 ms=6.009 bytes=41755344
hybrid frame=52 zero_frac=0.0841 codec=zfp_acc
comp frame=52 ms=6.062 bytes=43450648
hybrid frame=53 zero_frac=0.0831 codec=zfp_acc
comp frame=53 ms=6.263 bytes=45144008
hybrid frame=54 zero_frac=0.0823 codec=zfp_acc
comp frame=54 ms=6.265 bytes=46796992
hybrid frame=55 zero_frac=0.0818 codec=zfp_acc
comp frame=55 ms=6.304 bytes=48386504
hybrid frame=56 zero_frac=0.0815 codec=zfp_acc
comp frame=56 ms=6.301 bytes=49915720
hybrid frame=57 zero_frac=0.0813 codec=zfp_acc
comp frame=57 ms=6.358 bytes=51364280
hybrid frame=58 zero_frac=0.0811 codec=zfp_acc
comp frame=58 ms=6.675 bytes=52752880
hybrid frame=59 zero_frac=0.0811 codec=zfp_acc
comp frame=59 ms=6.385 bytes=54040312
hybrid frame=60 zero_frac=0.0811 codec=zfp_acc
comp frame=60 ms=6.359 bytes=55245592
hybrid frame=61 zero_frac=0.0810 codec=zfp_acc
comp frame=61 ms=6.396 bytes=56357768
hybrid frame=62 zero_frac=0.0810 codec=zfp_acc
comp frame=62 ms=6.293 bytes=57374704
hybrid frame=63 zero_frac=0.0810 codec=zfp_acc
comp frame=63 ms=6.279 bytes=58297248
hybrid frame=64 zero_frac=0.0810 codec=zfp_acc
comp frame=64 ms=6.282 bytes=59127832
hybrid frame=65 zero_frac=0.0810 codec=zfp_acc
comp frame=65 ms=6.177 bytes=59862208
hybrid frame=66 zero_frac=0.0810 codec=zfp_acc
comp frame=66 ms=7.140 bytes=60505736
hybrid frame=67 zero_frac=0.0810 codec=zfp_acc
comp frame=67 ms=6.104 bytes=61070208
hybrid frame=68 zero_frac=0.0810 codec=zfp_acc
comp frame=68 ms=6.084 bytes=61567880
hybrid frame=69 zero_frac=0.0810 codec=zfp_acc
comp frame=69 ms=6.068 bytes=62018176
hybrid frame=70 zero_frac=0.0810 codec=zfp_acc
comp frame=70 ms=6.037 bytes=62426448
hybrid frame=71 zero_frac=0.0810 codec=zfp_acc
comp frame=71 ms=6.056 bytes=62791464
hybrid frame=72 zero_frac=0.0810 codec=zfp_acc
comp frame=72 ms=5.996 bytes=63099448
hybrid frame=73 zero_frac=0.0810 codec=zfp_acc
comp frame=73 ms=5.986 bytes=63371192
hybrid frame=74 zero_frac=0.0810 codec=zfp_acc
comp frame=74 ms=6.020 bytes=63617064
hybrid frame=75 zero_frac=0.0810 codec=zfp_acc
comp frame=75 ms=5.993 bytes=63844024
hybrid frame=76 zero_frac=0.0810 codec=zfp_acc
comp frame=76 ms=5.963 bytes=64048768
hybrid frame=77 zero_frac=0.0810 codec=zfp_acc
comp frame=77 ms=5.961 bytes=64221504
hybrid frame=78 zero_frac=0.0810 codec=zfp_acc
comp frame=78 ms=5.972 bytes=64364888
hybrid frame=79 zero_frac=0.0810 codec=zfp_acc
comp frame=79 ms=5.945 bytes=64483936
hybrid frame=80 zero_frac=0.0810 codec=zfp_acc
comp frame=80 ms=5.911 bytes=64582808
hybrid frame=81 zero_frac=0.0810 codec=zfp_acc
comp frame=81 ms=6.920 bytes=64655840
hybrid frame=82 zero_frac=0.0810 codec=zfp_acc
comp frame=82 ms=5.910 bytes=64720664
hybrid frame=83 zero_frac=0.0810 codec=zfp_acc
comp frame=83 ms=5.910 bytes=64796800
hybrid frame=84 zero_frac=0.0810 codec=zfp_acc
comp frame=84 ms=5.954 bytes=64876696
hybrid frame=85 zero_frac=0.0810 codec=zfp_acc
comp frame=85 ms=5.910 bytes=64945120
hybrid frame=86 zero_frac=0.0810 codec=zfp_acc
comp frame=86 ms=5.907 bytes=65016736
hybrid frame=87 zero_frac=0.0810 codec=zfp_acc
comp frame=87 ms=5.893 bytes=65062248
hybrid frame=88 zero_frac=0.0810 codec=zfp_acc
comp frame=88 ms=5.916 bytes=65109360
hybrid frame=89 zero_frac=0.0810 codec=zfp_acc
comp frame=89 ms=5.917 bytes=65157472
hybrid frame=90 zero_frac=0.0810 codec=zfp_acc
comp frame=90 ms=5.898 bytes=65201200
hybrid frame=91 zero_frac=0.0810 codec=zfp_acc
comp frame=91 ms=5.915 bytes=65249968
hybrid frame=92 zero_frac=0.0810 codec=zfp_acc
comp frame=92 ms=5.879 bytes=65290376
hybrid frame=93 zero_frac=0.0810 codec=zfp_acc
comp frame=93 ms=5.873 bytes=65329144
hybrid frame=94 zero_frac=0.0810 codec=zfp_acc
comp frame=94 ms=6.950 bytes=65377592
hybrid frame=95 zero_frac=0.0810 codec=zfp_acc
comp frame=95 ms=5.902 bytes=65415648
hybrid frame=96 zero_frac=0.0810 codec=zfp_acc
comp frame=96 ms=5.914 bytes=65459912
hybrid frame=97 zero_frac=0.0810 codec=zfp_acc
comp frame=97 ms=5.909 bytes=65505576
hybrid frame=98 zero_frac=0.0810 codec=zfp_acc
comp frame=98 ms=5.916 bytes=65557488
hybrid frame=99 zero_frac=0.0810 codec=zfp_acc
comp frame=99 ms=5.884 bytes=65603976
hybrid frame=100 zero_frac=0.0810 codec=zfp_acc
comp frame=100 ms=5.907 bytes=65652216
backend=HIP kernel=2d grid=248x248x248 absorb=16 st=1000 frames=101
propagate walltime (s) = 11.408008
total time (s)         = 13.382981
MSamples/s             = 1924
VmHWM (kB)             = 1547248
compression            = hybrid75, 9650700288 -> 3851524942 bytes, ratio 2.51x
csv,HIP,2d,248,248,248,16,1000,11.408008,13.382981,1924,1547248
hybrid summary: theta=0.75 frames lz4=17 zfp_acc=84
rsf_bytes=3851525750
