HIP device: AMD Instinct MI210, block 32x16, kernel 2d
comp frame=0 ms=18.512 bytes=781560
comp frame=1 ms=2.406 bytes=2004816
comp frame=2 ms=4.394 bytes=3553816
comp frame=3 ms=5.167 bytes=4763442
comp frame=4 ms=5.671 bytes=5929859
comp frame=5 ms=5.729 bytes=7018753
comp frame=6 ms=6.181 bytes=8116489
comp frame=7 ms=11.248 bytes=9286889
comp frame=8 ms=7.354 bytes=10571933
comp frame=9 ms=8.717 bytes=11925946
comp frame=10 ms=294.784 bytes=13405820
comp frame=11 ms=9.613 bytes=14996577
comp frame=12 ms=10.456 bytes=16686784
comp frame=13 ms=30.187 bytes=18513426
comp frame=14 ms=11.390 bytes=20387130
comp frame=15 ms=12.681 bytes=22448122
comp frame=16 ms=13.442 bytes=24543228
comp frame=17 ms=265.053 bytes=26770737
comp frame=18 ms=14.782 bytes=29076654
comp frame=19 ms=16.401 bytes=31536948
comp frame=20 ms=17.274 bytes=34168853
comp frame=21 ms=17.929 bytes=36805351
comp frame=22 ms=19.387 bytes=39614196
comp frame=23 ms=20.266 bytes=42585369
comp frame=24 ms=21.590 bytes=45545062
comp frame=25 ms=22.311 bytes=48570018
comp frame=26 ms=24.089 bytes=51766421
comp frame=27 ms=24.764 bytes=54745517
comp frame=28 ms=25.758 bytes=57719338
comp frame=29 ms=26.821 bytes=60575124
comp frame=30 ms=27.674 bytes=63404794
comp frame=31 ms=28.461 bytes=66050871
comp frame=32 ms=28.742 bytes=68521564
comp frame=33 ms=29.805 bytes=70827694
comp frame=34 ms=30.200 bytes=72983107
comp frame=35 ms=30.586 bytes=74957314
comp frame=36 ms=31.599 bytes=76841428
comp frame=37 ms=31.732 bytes=78569384
comp frame=38 ms=54.270 bytes=80126881
comp frame=39 ms=32.646 bytes=81542116
comp frame=40 ms=32.788 bytes=82834930
comp frame=41 ms=32.786 bytes=83900876
comp frame=42 ms=32.653 bytes=84881338
comp frame=43 ms=53.214 bytes=85729321
comp frame=44 ms=33.017 bytes=86389964
comp frame=45 ms=33.601 bytes=86937586
comp frame=46 ms=33.407 bytes=87411059
comp frame=47 ms=33.172 bytes=87776120
comp frame=48 ms=33.420 bytes=88056098
comp frame=49 ms=33.451 bytes=88330831
comp frame=50 ms=33.452 bytes=88514054
comp frame=51 ms=33.549 bytes=88637532
comp frame=52 ms=33.378 bytes=88753948
comp frame=53 ms=33.466 bytes=88845826
comp frame=54 ms=33.137 bytes=88909408
comp frame=55 ms=33.561 bytes=88950215
comp frame=56 ms=33.037 bytes=88984489
comp frame=57 ms=32.593 bytes=88996703
comp frame=58 ms=31.770 bytes=88985093
comp frame=59 ms=32.576 bytes=89005671
comp frame=60 ms=31.896 bytes=88994353
comp frame=61 ms=32.187 bytes=88991443
comp frame=62 ms=32.434 bytes=88995857
comp frame=63 ms=32.283 bytes=88998859
comp frame=64 ms=32.701 bytes=88992162
comp frame=65 ms=32.591 bytes=88993872
comp frame=66 ms=32.752 bytes=88985695
comp frame=67 ms=31.852 bytes=88986087
comp frame=68 ms=32.308 bytes=88992173
comp frame=69 ms=31.873 bytes=88990744
comp frame=70 ms=31.750 bytes=88981333
comp frame=71 ms=32.320 bytes=88987711
comp frame=72 ms=32.791 bytes=88984819
comp frame=73 ms=31.959 bytes=88978899
comp frame=74 ms=32.429 bytes=88975588
comp frame=75 ms=32.555 bytes=88982846
comp frame=76 ms=32.476 bytes=88972802
comp frame=77 ms=32.322 bytes=88976592
comp frame=78 ms=31.799 bytes=88970821
comp frame=79 ms=31.761 bytes=88973043
comp frame=80 ms=32.404 bytes=88976015
comp frame=81 ms=31.907 bytes=88973958
comp frame=82 ms=31.816 bytes=88968164
comp frame=83 ms=32.588 bytes=88969993
comp frame=84 ms=32.621 bytes=88969241
comp frame=85 ms=32.306 bytes=88975316
comp frame=86 ms=32.607 bytes=88985747
comp frame=87 ms=31.883 bytes=88976419
comp frame=88 ms=31.803 bytes=88973028
comp frame=89 ms=31.971 bytes=88977524
comp frame=90 ms=31.859 bytes=88972169
comp frame=91 ms=32.360 bytes=88983951
comp frame=92 ms=32.686 bytes=88977110
comp frame=93 ms=31.823 bytes=88972480
comp frame=94 ms=32.823 bytes=88976547
comp frame=95 ms=32.844 bytes=88982204
comp frame=96 ms=32.157 bytes=88978505
comp frame=97 ms=32.774 bytes=88975901
comp frame=98 ms=32.384 bytes=88979166
comp frame=99 ms=32.408 bytes=88976063
comp frame=100 ms=32.431 bytes=88971380
backend=HIP kernel=2d grid=248x248x248 absorb=16 st=1000 frames=101
propagate walltime (s) = 11.453700
total time (s)         = 17.208845
MSamples/s             = 1917
VmHWM (kB)             = 1499136
compression            = lz4, 9650700288 -> 6887266973 bytes, ratio 1.40x
csv,HIP,2d,248,248,248,16,1000,11.453700,17.208845,1917,1499136
rsf_bytes=6887267781
