HIP device: AMD Instinct MI210, block 32x16, kernel 2d
comp frame=0 ms=5.273 bytes=781560
comp frame=1 ms=2.465 bytes=2004816
comp frame=2 ms=4.498 bytes=3553816
comp frame=3 ms=5.262 bytes=4763442
comp frame=4 ms=5.753 bytes=5929859
comp frame=5 ms=5.742 bytes=7018753
comp frame=6 ms=6.359 bytes=8116489
comp frame=7 ms=6.951 bytes=9286889
comp frame=8 ms=8.995 bytes=10571933
comp frame=9 ms=9.305 bytes=11925946
comp frame=10 ms=9.162 bytes=13405820
comp frame=11 ms=9.319 bytes=14996577
comp frame=12 ms=10.264 bytes=16686784
comp frame=13 ms=10.904 bytes=18513426
comp frame=14 ms=11.423 bytes=20387130
comp frame=15 ms=12.800 bytes=22448122
comp frame=16 ms=13.584 bytes=24543228
comp frame=17 ms=14.487 bytes=26770737
comp frame=18 ms=126.943 bytes=29076654
comp frame=19 ms=16.734 bytes=31536948
comp frame=20 ms=18.437 bytes=34168853
comp frame=21 ms=17.846 bytes=36805351
comp frame=22 ms=18.848 bytes=39614196
comp frame=23 ms=20.139 bytes=42585369
comp frame=24 ms=20.828 bytes=45545062
comp frame=25 ms=22.110 bytes=48570018
comp frame=26 ms=23.519 bytes=51766421
comp frame=27 ms=24.354 bytes=54745517
comp frame=28 ms=25.560 bytes=57719338
comp frame=29 ms=26.868 bytes=60575124
comp frame=30 ms=27.602 bytes=63404794
comp frame=31 ms=28.442 bytes=66050871
comp frame=32 ms=28.961 bytes=68521564
comp frame=33 ms=29.627 bytes=70827694
comp frame=34 ms=30.669 bytes=72983107
comp frame=35 ms=30.708 bytes=74957314
comp frame=36 ms=31.449 bytes=76841428
comp frame=37 ms=32.105 bytes=78569384
comp frame=38 ms=32.386 bytes=80126881
comp frame=39 ms=33.008 bytes=81542116
comp frame=40 ms=33.104 bytes=82834930
comp frame=41 ms=33.193 bytes=83900876
comp frame=42 ms=32.959 bytes=84881338
comp frame=43 ms=34.251 bytes=85729321
comp frame=44 ms=33.305 bytes=86389964
comp frame=45 ms=33.688 bytes=86937586
comp frame=46 ms=69.748 bytes=87411059
comp frame=47 ms=33.352 bytes=87776120
comp frame=48 ms=33.732 bytes=88056098
comp frame=49 ms=33.736 bytes=88330831
comp frame=50 ms=33.761 bytes=88514054
comp frame=51 ms=33.813 bytes=88637532
comp frame=52 ms=33.614 bytes=88753948
comp frame=53 ms=33.821 bytes=88845826
comp frame=54 ms=33.736 bytes=88909408
comp frame=55 ms=33.927 bytes=88950215
comp frame=56 ms=33.314 bytes=88984489
comp frame=57 ms=32.860 bytes=88996703
comp frame=58 ms=32.149 bytes=88985093
comp frame=59 ms=32.887 bytes=89005671
comp frame=60 ms=32.089 bytes=88994353
comp frame=61 ms=32.455 bytes=88991443
comp frame=62 ms=32.900 bytes=88995857
comp frame=63 ms=32.723 bytes=88998859
comp frame=64 ms=33.259 bytes=88992162
comp frame=65 ms=32.927 bytes=88993872
comp frame=66 ms=33.020 bytes=88985695
comp frame=67 ms=32.210 bytes=88986087
comp frame=68 ms=32.559 bytes=88992173
comp frame=69 ms=32.351 bytes=88990744
comp frame=70 ms=32.077 bytes=88981333
comp frame=71 ms=32.819 bytes=88987711
comp frame=72 ms=33.252 bytes=88984819
comp frame=73 ms=32.332 bytes=88978899
comp frame=74 ms=32.779 bytes=88975588
comp frame=75 ms=32.993 bytes=88982846
comp frame=76 ms=32.835 bytes=88972802
comp frame=77 ms=32.752 bytes=88976592
comp frame=78 ms=32.111 bytes=88970821
comp frame=79 ms=32.232 bytes=88973043
comp frame=80 ms=32.670 bytes=88976015
comp frame=81 ms=32.181 bytes=88973958
comp frame=82 ms=32.217 bytes=88968164
comp frame=83 ms=32.658 bytes=88969993
comp frame=84 ms=32.982 bytes=88969241
comp frame=85 ms=32.698 bytes=88975316
comp frame=86 ms=32.873 bytes=88985747
comp frame=87 ms=32.171 bytes=88976419
comp frame=88 ms=57.114 bytes=88973028
comp frame=89 ms=32.321 bytes=88977524
comp frame=90 ms=32.194 bytes=88972169
comp frame=91 ms=32.623 bytes=88983951
comp frame=92 ms=33.138 bytes=88977110
comp frame=93 ms=32.140 bytes=88972480
comp frame=94 ms=33.139 bytes=88976547
comp frame=95 ms=33.235 bytes=88982204
comp frame=96 ms=32.462 bytes=88978505
comp frame=97 ms=32.980 bytes=88975901
comp frame=98 ms=32.889 bytes=88979166
comp frame=99 ms=32.687 bytes=88976063
comp frame=100 ms=32.770 bytes=88971380
backend=HIP kernel=2d grid=248x248x248 absorb=16 st=1000 frames=101
propagate walltime (s) = 11.503155
total time (s)         = 16.812634
MSamples/s             = 1908
VmHWM (kB)             = 1499136
compression            = lz4, 9650700288 -> 6887266973 bytes, ratio 1.40x
csv,HIP,2d,248,248,248,16,1000,11.503155,16.812634,1908,1499136
