HIP device: AMD Instinct MI210, block 32x16, kernel 2d
comp frame=0 ms=3.437 bytes=781560
comp frame=1 ms=2.421 bytes=2004816
comp frame=2 ms=4.422 bytes=3553816
comp frame=3 ms=5.170 bytes=4763442
comp frame=4 ms=5.710 bytes=5929859
comp frame=5 ms=5.755 bytes=7018753
comp frame=6 ms=6.177 bytes=8116489
comp frame=7 ms=6.812 bytes=9286889
comp frame=8 ms=7.283 bytes=10571933
comp frame=9 ms=7.800 bytes=11925946
comp frame=10 ms=8.154 bytes=13405820
comp frame=11 ms=8.674 bytes=14996577
comp frame=12 ms=9.431 bytes=16686784
comp frame=13 ms=77.026 bytes=18513426
comp frame=14 ms=10.578 bytes=20387130
comp frame=15 ms=11.571 bytes=22448122
comp frame=16 ms=18.747 bytes=24543228
comp frame=17 ms=13.028 bytes=26770737
comp frame=18 ms=13.835 bytes=29076654
comp frame=19 ms=14.795 bytes=31536948
comp frame=20 ms=15.547 bytes=34168853
comp frame=21 ms=16.245 bytes=36805351
comp frame=22 ms=17.463 bytes=39614196
comp frame=23 ms=18.599 bytes=42585369
comp frame=24 ms=19.412 bytes=45545062
comp frame=25 ms=20.377 bytes=48570018
comp frame=26 ms=21.847 bytes=51766421
comp frame=27 ms=22.788 bytes=54745517
comp frame=28 ms=24.000 bytes=57719338
comp frame=29 ms=24.825 bytes=60575124
comp frame=30 ms=25.907 bytes=63404794
comp frame=31 ms=26.636 bytes=66050871
comp frame=32 ms=27.587 bytes=68521564
comp frame=33 ms=28.464 bytes=70827694
comp frame=34 ms=29.173 bytes=72983107
comp frame=35 ms=29.498 bytes=74957314
comp frame=36 ms=30.421 bytes=76841428
comp frame=37 ms=30.832 bytes=78569384
comp frame=38 ms=31.365 bytes=80126881
comp frame=39 ms=31.847 bytes=81542116
comp frame=40 ms=32.081 bytes=82834930
comp frame=41 ms=32.076 bytes=83900876
comp frame=42 ms=32.100 bytes=84881338
comp frame=43 ms=33.253 bytes=85729321
comp frame=44 ms=32.573 bytes=86389964
comp frame=45 ms=33.104 bytes=86937586
comp frame=46 ms=33.075 bytes=87411059
comp frame=47 ms=32.848 bytes=87776120
comp frame=48 ms=33.102 bytes=88056098
comp frame=49 ms=33.076 bytes=88330831
comp frame=50 ms=33.294 bytes=88514054
comp frame=51 ms=33.036 bytes=88637532
comp frame=52 ms=33.167 bytes=88753948
comp frame=53 ms=33.305 bytes=88845826
comp frame=54 ms=33.138 bytes=88909408
comp frame=55 ms=33.282 bytes=88950215
comp frame=56 ms=32.833 bytes=88984489
comp frame=57 ms=32.460 bytes=88996703
comp frame=58 ms=31.637 bytes=88985093
comp frame=59 ms=32.509 bytes=89005671
comp frame=60 ms=31.693 bytes=88994353
comp frame=61 ms=32.059 bytes=88991443
comp frame=62 ms=32.273 bytes=88995857
comp frame=63 ms=32.288 bytes=88998859
comp frame=64 ms=32.626 bytes=88992162
comp frame=65 ms=32.464 bytes=88993872
comp frame=66 ms=32.735 bytes=88985695
comp frame=67 ms=31.680 bytes=88986087
comp frame=68 ms=32.248 bytes=88992173
comp frame=69 ms=31.801 bytes=88990744
comp frame=70 ms=31.674 bytes=88981333
comp frame=71 ms=32.246 bytes=88987711
comp frame=72 ms=32.645 bytes=88984819
comp frame=73 ms=31.827 bytes=88978899
comp frame=74 ms=32.366 bytes=88975588
comp frame=75 ms=32.518 bytes=88982846
comp frame=76 ms=32.233 bytes=88972802
comp frame=77 ms=32.261 bytes=88976592
comp frame=78 ms=31.604 bytes=88970821
comp frame=79 ms=31.718 bytes=88973043
comp frame=80 ms=32.279 bytes=88976015
comp frame=81 ms=31.632 bytes=88973958
comp frame=82 ms=31.631 bytes=88968164
comp frame=83 ms=32.286 bytes=88969993
comp frame=84 ms=32.325 bytes=88969241
comp frame=85 ms=32.104 bytes=88975316
comp frame=86 ms=32.360 bytes=88985747
comp frame=87 ms=31.772 bytes=88976419
comp frame=88 ms=31.728 bytes=88973028
comp frame=89 ms=31.940 bytes=88977524
comp frame=90 ms=31.762 bytes=88972169
comp frame=91 ms=32.718 bytes=88983951
comp frame=92 ms=33.071 bytes=88977110
comp frame=93 ms=32.217 bytes=88972480
comp frame=94 ms=33.239 bytes=88976547
comp frame=95 ms=33.209 bytes=88982204
comp frame=96 ms=32.434 bytes=88978505
comp frame=97 ms=32.781 bytes=88975901
comp frame=98 ms=32.574 bytes=88979166
comp frame=99 ms=32.169 bytes=88976063
comp frame=100 ms=32.396 bytes=88971380
backend=HIP kernel=2d grid=248x248x248 absorb=16 st=1000 frames=101
propagate walltime (s) = 10.505603
total time (s)         = 15.668609
MSamples/s             = 2090
VmHWM (kB)             = 1499136
compression            = lz4, 9650700288 -> 6887266973 bytes, ratio 1.40x
csv,HIP,2d,248,248,248,16,1000,10.505603,15.668609,2090,1499136
rsf_bytes=6887267781
