HIP device: AMD Instinct MI210, block 32x16, kernel 2d
comp frame=0 ms=8.145 bytes=781560
comp frame=1 ms=2.441 bytes=2004816
comp frame=2 ms=4.450 bytes=3553816
comp frame=3 ms=5.208 bytes=4763442
comp frame=4 ms=5.714 bytes=5929859
comp frame=5 ms=5.866 bytes=7018753
comp frame=6 ms=6.274 bytes=8116489
comp frame=7 ms=7.025 bytes=9286889
comp frame=8 ms=7.414 bytes=10571933
comp frame=9 ms=8.088 bytes=11925946
comp frame=10 ms=8.815 bytes=13405820
comp frame=11 ms=9.426 bytes=14996577
comp frame=12 ms=10.369 bytes=16686784
comp frame=13 ms=11.002 bytes=18513426
comp frame=14 ms=11.468 bytes=20387130
comp frame=15 ms=12.716 bytes=22448122
comp frame=16 ms=13.122 bytes=24543228
comp frame=17 ms=14.626 bytes=26770737
comp frame=18 ms=15.223 bytes=29076654
comp frame=19 ms=16.327 bytes=31536948
comp frame=20 ms=16.925 bytes=34168853
comp frame=21 ms=17.551 bytes=36805351
comp frame=22 ms=18.888 bytes=39614196
comp frame=23 ms=19.940 bytes=42585369
comp frame=24 ms=21.050 bytes=45545062
comp frame=25 ms=21.911 bytes=48570018
comp frame=26 ms=23.499 bytes=51766421
comp frame=27 ms=24.524 bytes=54745517
comp frame=28 ms=25.586 bytes=57719338
comp frame=29 ms=26.667 bytes=60575124
comp frame=30 ms=27.943 bytes=63404794
comp frame=31 ms=28.422 bytes=66050871
comp frame=32 ms=28.950 bytes=68521564
comp frame=33 ms=29.727 bytes=70827694
comp frame=34 ms=30.539 bytes=72983107
comp frame=35 ms=30.809 bytes=74957314
comp frame=36 ms=32.629 bytes=76841428
comp frame=37 ms=35.084 bytes=78569384
comp frame=38 ms=32.432 bytes=80126881
comp frame=39 ms=33.022 bytes=81542116
comp frame=40 ms=33.096 bytes=82834930
comp frame=41 ms=33.005 bytes=83900876
comp frame=42 ms=33.357 bytes=84881338
comp frame=43 ms=34.361 bytes=85729321
comp frame=44 ms=33.454 bytes=86389964
comp frame=45 ms=33.841 bytes=86937586
comp frame=46 ms=33.835 bytes=87411059
comp frame=47 ms=33.530 bytes=87776120
comp frame=48 ms=33.876 bytes=88056098
comp frame=49 ms=34.278 bytes=88330831
comp frame=50 ms=33.740 bytes=88514054
comp frame=51 ms=33.682 bytes=88637532
comp frame=52 ms=33.518 bytes=88753948
comp frame=53 ms=34.113 bytes=88845826
comp frame=54 ms=33.708 bytes=88909408
comp frame=55 ms=33.782 bytes=88950215
comp frame=56 ms=33.219 bytes=88984489
comp frame=57 ms=32.940 bytes=88996703
comp frame=58 ms=119.519 bytes=88985093
comp frame=59 ms=32.902 bytes=89005671
comp frame=60 ms=32.209 bytes=88994353
comp frame=61 ms=32.498 bytes=88991443
comp frame=62 ms=32.933 bytes=88995857
comp frame=63 ms=32.661 bytes=88998859
comp frame=64 ms=33.229 bytes=88992162
comp frame=65 ms=32.894 bytes=88993872
comp frame=66 ms=33.218 bytes=88985695
comp frame=67 ms=32.179 bytes=88986087
comp frame=68 ms=32.808 bytes=88992173
comp frame=69 ms=32.251 bytes=88990744
comp frame=70 ms=32.090 bytes=88981333
comp frame=71 ms=32.749 bytes=88987711
comp frame=72 ms=32.980 bytes=88984819
comp frame=73 ms=32.238 bytes=88978899
comp frame=74 ms=32.865 bytes=88975588
comp frame=75 ms=32.921 bytes=88982846
comp frame=76 ms=32.955 bytes=88972802
comp frame=77 ms=33.149 bytes=88976592
comp frame=78 ms=32.564 bytes=88970821
comp frame=79 ms=32.170 bytes=88973043
comp frame=80 ms=32.750 bytes=88976015
comp frame=81 ms=32.606 bytes=88973958
comp frame=82 ms=32.599 bytes=88968164
comp frame=83 ms=33.439 bytes=88969993
comp frame=84 ms=33.464 bytes=88969241
comp frame=85 ms=32.696 bytes=88975316
comp frame=86 ms=32.948 bytes=88985747
comp frame=87 ms=32.173 bytes=88976419
comp frame=88 ms=32.306 bytes=88973028
comp frame=89 ms=32.333 bytes=88977524
comp frame=90 ms=32.185 bytes=88972169
comp frame=91 ms=32.753 bytes=88983951
comp frame=92 ms=32.978 bytes=88977110
comp frame=93 ms=32.260 bytes=88972480
comp frame=94 ms=33.073 bytes=88976547
comp frame=95 ms=33.261 bytes=88982204
comp frame=96 ms=32.503 bytes=88978505
comp frame=97 ms=33.036 bytes=88975901
comp frame=98 ms=32.948 bytes=88979166
comp frame=99 ms=32.778 bytes=88976063
comp frame=100 ms=32.712 bytes=88971380
backend=HIP kernel=2d grid=248x248x248 absorb=16 st=1000 frames=101
propagate walltime (s) = 11.254905
total time (s)         = 16.499673
MSamples/s             = 1950
VmHWM (kB)             = 1499136
compression            = lz4, 9650700288 -> 6887266973 bytes, ratio 1.40x
csv,HIP,2d,248,248,248,16,1000,11.254905,16.499673,1950,1499136
