HIP device: AMD Instinct MI210, block 32x16, kernel 2d
comp frame=0 ms=12.644 bytes=781560
comp frame=1 ms=2.413 bytes=2004816
comp frame=2 ms=4.298 bytes=3553816
comp frame=3 ms=5.014 bytes=4763442
comp frame=4 ms=5.451 bytes=5929859
comp frame=5 ms=5.455 bytes=7018753
comp frame=6 ms=5.873 bytes=8116489
comp frame=7 ms=6.564 bytes=9286889
comp frame=8 ms=6.998 bytes=10571933
comp frame=9 ms=7.462 bytes=11925946
comp frame=10 ms=7.641 bytes=13405820
comp frame=11 ms=8.010 bytes=14996577
comp frame=12 ms=9.472 bytes=16686784
comp frame=13 ms=200.328 bytes=18513426
comp frame=14 ms=9.794 bytes=20387130
comp frame=15 ms=10.796 bytes=22448122
comp frame=16 ms=11.138 bytes=24543228
comp frame=17 ms=11.927 bytes=26770737
comp frame=18 ms=12.692 bytes=29076654
comp frame=19 ms=13.454 bytes=31536948
comp frame=20 ms=14.354 bytes=34168853
comp frame=21 ms=14.771 bytes=36805351
comp frame=22 ms=15.884 bytes=39614196
comp frame=23 ms=16.828 bytes=42585369
comp frame=24 ms=17.649 bytes=45545062
comp frame=25 ms=18.600 bytes=48570018
comp frame=26 ms=19.777 bytes=51766421
comp frame=27 ms=20.380 bytes=54745517
comp frame=28 ms=21.569 bytes=57719338
comp frame=29 ms=22.377 bytes=60575124
comp frame=30 ms=23.258 bytes=63404794
comp frame=31 ms=23.892 bytes=66050871
comp frame=32 ms=41.837 bytes=68521564
comp frame=33 ms=25.398 bytes=70827694
comp frame=34 ms=26.283 bytes=72983107
comp frame=35 ms=26.398 bytes=74957314
comp frame=36 ms=27.338 bytes=76841428
comp frame=37 ms=27.590 bytes=78569384
comp frame=38 ms=28.078 bytes=80126881
comp frame=39 ms=29.344 bytes=81542116
comp frame=40 ms=30.119 bytes=82834930
comp frame=41 ms=28.673 bytes=83900876
comp frame=42 ms=28.631 bytes=84881338
comp frame=43 ms=29.328 bytes=85729321
comp frame=44 ms=29.053 bytes=86389964
comp frame=45 ms=29.467 bytes=86937586
comp frame=46 ms=29.524 bytes=87411059
comp frame=47 ms=29.226 bytes=87776120
comp frame=48 ms=29.599 bytes=88056098
comp frame=49 ms=29.493 bytes=88330831
comp frame=50 ms=29.659 bytes=88514054
comp frame=51 ms=29.733 bytes=88637532
comp frame=52 ms=29.416 bytes=88753948
comp frame=53 ms=29.662 bytes=88845826
comp frame=54 ms=29.501 bytes=88909408
comp frame=55 ms=29.676 bytes=88950215
comp frame=56 ms=28.959 bytes=88984489
comp frame=57 ms=28.646 bytes=88996703
comp frame=58 ms=27.942 bytes=88985093
comp frame=59 ms=28.816 bytes=89005671
comp frame=60 ms=28.125 bytes=88994353
comp frame=61 ms=28.340 bytes=88991443
comp frame=62 ms=28.703 bytes=88995857
comp frame=63 ms=28.589 bytes=88998859
comp frame=64 ms=29.045 bytes=88992162
comp frame=65 ms=28.824 bytes=88993872
comp frame=66 ms=29.023 bytes=88985695
comp frame=67 ms=28.040 bytes=88986087
comp frame=68 ms=28.569 bytes=88992173
comp frame=69 ms=28.131 bytes=88990744
comp frame=70 ms=28.040 bytes=88981333
comp frame=71 ms=28.611 bytes=88987711
comp frame=72 ms=28.925 bytes=88984819
comp frame=73 ms=51.672 bytes=88978899
comp frame=74 ms=28.621 bytes=88975588
comp frame=75 ms=28.864 bytes=88982846
comp frame=76 ms=28.849 bytes=88972802
comp frame=77 ms=28.610 bytes=88976592
comp frame=78 ms=28.060 bytes=88970821
comp frame=79 ms=27.982 bytes=88973043
comp frame=80 ms=28.644 bytes=88976015
comp frame=81 ms=28.090 bytes=88973958
comp frame=82 ms=28.077 bytes=88968164
comp frame=83 ms=28.743 bytes=88969993
comp frame=84 ms=28.824 bytes=88969241
comp frame=85 ms=28.563 bytes=88975316
comp frame=86 ms=28.775 bytes=88985747
comp frame=87 ms=28.107 bytes=88976419
comp frame=88 ms=28.054 bytes=88973028
comp frame=89 ms=28.200 bytes=88977524
comp frame=90 ms=28.113 bytes=88972169
comp frame=91 ms=28.555 bytes=88983951
comp frame=92 ms=28.916 bytes=88977110
comp frame=93 ms=28.185 bytes=88972480
comp frame=94 ms=28.997 bytes=88976547
comp frame=95 ms=28.996 bytes=88982204
comp frame=96 ms=28.380 bytes=88978505
comp frame=97 ms=29.166 bytes=88975901
comp frame=98 ms=28.797 bytes=88979166
comp frame=99 ms=28.620 bytes=88976063
comp frame=100 ms=28.571 bytes=88971380
backend=HIP kernel=2d grid=248x248x248 absorb=16 st=1000 frames=101
propagate walltime (s) = 11.081864
total time (s)         = 16.013924
MSamples/s             = 1981
VmHWM (kB)             = 1499136
compression            = lz4, 9650700288 -> 6887266973 bytes, ratio 1.40x
csv,HIP,2d,248,248,248,16,1000,11.081864,16.013924,1981,1499136
