HIP device: AMD Instinct MI210, block 32x16, kernel 2d
comp frame=0 ms=3.629 bytes=781560
comp frame=1 ms=2.482 bytes=2004816
comp frame=2 ms=4.358 bytes=3553816
comp frame=3 ms=5.026 bytes=4763442
comp frame=4 ms=5.467 bytes=5929859
comp frame=5 ms=5.488 bytes=7018753
comp frame=6 ms=5.870 bytes=8116489
comp frame=7 ms=6.505 bytes=9286889
comp frame=8 ms=6.919 bytes=10571933
comp frame=9 ms=44.358 bytes=11925946
comp frame=10 ms=7.549 bytes=13405820
comp frame=11 ms=8.037 bytes=14996577
comp frame=12 ms=9.414 bytes=16686784
comp frame=13 ms=9.467 bytes=18513426
comp frame=14 ms=9.938 bytes=20387130
comp frame=15 ms=10.898 bytes=22448122
comp frame=16 ms=11.270 bytes=24543228
comp frame=17 ms=24.304 bytes=26770737
comp frame=18 ms=12.785 bytes=29076654
comp frame=19 ms=13.619 bytes=31536948
comp frame=20 ms=14.438 bytes=34168853
comp frame=21 ms=14.919 bytes=36805351
comp frame=22 ms=15.990 bytes=39614196
comp frame=23 ms=16.837 bytes=42585369
comp frame=24 ms=17.717 bytes=45545062
comp frame=25 ms=18.642 bytes=48570018
comp frame=26 ms=20.075 bytes=51766421
comp frame=27 ms=20.720 bytes=54745517
comp frame=28 ms=21.525 bytes=57719338
comp frame=29 ms=22.395 bytes=60575124
comp frame=30 ms=23.271 bytes=63404794
comp frame=31 ms=24.046 bytes=66050871
comp frame=32 ms=24.722 bytes=68521564
comp frame=33 ms=25.371 bytes=70827694
comp frame=34 ms=26.154 bytes=72983107
comp frame=35 ms=26.443 bytes=74957314
comp frame=36 ms=27.246 bytes=76841428
comp frame=37 ms=27.610 bytes=78569384
comp frame=38 ms=28.090 bytes=80126881
comp frame=39 ms=28.678 bytes=81542116
comp frame=40 ms=28.617 bytes=82834930
comp frame=41 ms=28.597 bytes=83900876
comp frame=42 ms=28.629 bytes=84881338
comp frame=43 ms=29.924 bytes=85729321
comp frame=44 ms=28.943 bytes=86389964
comp frame=45 ms=29.546 bytes=86937586
comp frame=46 ms=29.351 bytes=87411059
comp frame=47 ms=29.138 bytes=87776120
comp frame=48 ms=29.490 bytes=88056098
comp frame=49 ms=29.466 bytes=88330831
comp frame=50 ms=29.600 bytes=88514054
comp frame=51 ms=29.618 bytes=88637532
comp frame=52 ms=29.360 bytes=88753948
comp frame=53 ms=29.636 bytes=88845826
comp frame=54 ms=29.540 bytes=88909408
comp frame=55 ms=29.837 bytes=88950215
comp frame=56 ms=52.826 bytes=88984489
comp frame=57 ms=28.666 bytes=88996703
comp frame=58 ms=27.984 bytes=88985093
comp frame=59 ms=28.589 bytes=89005671
comp frame=60 ms=28.046 bytes=88994353
comp frame=61 ms=28.447 bytes=88991443
comp frame=62 ms=28.437 bytes=88995857
comp frame=63 ms=28.574 bytes=88998859
comp frame=64 ms=29.148 bytes=88992162
comp frame=65 ms=28.663 bytes=88993872
comp frame=66 ms=28.951 bytes=88985695
comp frame=67 ms=28.169 bytes=88986087
comp frame=68 ms=28.486 bytes=88992173
comp frame=69 ms=28.108 bytes=88990744
comp frame=70 ms=28.036 bytes=88981333
comp frame=71 ms=28.679 bytes=88987711
comp frame=72 ms=29.036 bytes=88984819
comp frame=73 ms=28.163 bytes=88978899
comp frame=74 ms=28.552 bytes=88975588
comp frame=75 ms=28.721 bytes=88982846
comp frame=76 ms=28.915 bytes=88972802
comp frame=77 ms=28.575 bytes=88976592
comp frame=78 ms=28.041 bytes=88970821
comp frame=79 ms=28.014 bytes=88973043
comp frame=80 ms=28.572 bytes=88976015
comp frame=81 ms=28.034 bytes=88973958
comp frame=82 ms=28.010 bytes=88968164
comp frame=83 ms=28.861 bytes=88969993
comp frame=84 ms=28.872 bytes=88969241
comp frame=85 ms=28.557 bytes=88975316
comp frame=86 ms=28.813 bytes=88985747
comp frame=87 ms=28.035 bytes=88976419
comp frame=88 ms=28.064 bytes=88973028
comp frame=89 ms=28.211 bytes=88977524
comp frame=90 ms=28.095 bytes=88972169
comp frame=91 ms=28.529 bytes=88983951
comp frame=92 ms=28.871 bytes=88977110
comp frame=93 ms=28.096 bytes=88972480
comp frame=94 ms=28.884 bytes=88976547
comp frame=95 ms=29.198 bytes=88982204
comp frame=96 ms=28.306 bytes=88978505
comp frame=97 ms=92.718 bytes=88975901
comp frame=98 ms=28.776 bytes=88979166
comp frame=99 ms=28.591 bytes=88976063
comp frame=100 ms=28.691 bytes=88971380
backend=HIP kernel=2d grid=248x248x248 absorb=16 st=1000 frames=101
propagate walltime (s) = 11.045504
total time (s)         = 15.937966
MSamples/s             = 1987
VmHWM (kB)             = 1499136
compression            = lz4, 9650700288 -> 6887266973 bytes, ratio 1.40x
csv,HIP,2d,248,248,248,16,1000,11.045504,15.937966,1987,1499136
