HIP device: AMD Instinct MI210, block 32x16, kernel 2d
comp frame=0 ms=24.034 bytes=3032680
comp frame=1 ms=2.604 bytes=3058400
comp frame=2 ms=2.758 bytes=3083360
comp frame=3 ms=2.422 bytes=3119104
comp frame=4 ms=2.362 bytes=3166216
comp frame=5 ms=2.373 bytes=3225952
comp frame=6 ms=2.422 bytes=3299792
comp frame=7 ms=2.429 bytes=3388400
comp frame=8 ms=3.621 bytes=3493088
comp frame=9 ms=2.539 bytes=3616768
comp frame=10 ms=3.788 bytes=3757560
comp frame=11 ms=2.832 bytes=3919536
comp frame=12 ms=2.907 bytes=4104592
comp frame=13 ms=2.708 bytes=4311480
comp frame=14 ms=2.762 bytes=4542608
comp frame=15 ms=2.814 bytes=4798496
comp frame=16 ms=2.876 bytes=5084040
comp frame=17 ms=2.908 bytes=5396544
comp frame=18 ms=2.995 bytes=5743960
comp frame=19 ms=3.030 bytes=6118552
comp frame=20 ms=3.061 bytes=6522184
comp frame=21 ms=3.169 bytes=6959600
comp frame=22 ms=3.235 bytes=7438176
comp frame=23 ms=3.216 bytes=7952440
comp frame=24 ms=3.259 bytes=8508888
comp frame=25 ms=3.196 bytes=9096136
comp frame=26 ms=3.375 bytes=9723056
comp frame=27 ms=3.463 bytes=10391768
comp frame=28 ms=3.460 bytes=11103896
comp frame=29 ms=3.494 bytes=11866512
comp frame=30 ms=5.294 bytes=12684472
comp frame=31 ms=3.426 bytes=13549976
comp frame=32 ms=4.737 bytes=14456712
comp frame=33 ms=3.615 bytes=15411984
comp frame=34 ms=3.652 bytes=16421344
comp frame=35 ms=3.775 bytes=17513864
comp frame=36 ms=3.918 bytes=18664800
comp frame=37 ms=3.891 bytes=19851008
comp frame=38 ms=4.931 bytes=21090288
comp frame=39 ms=4.091 bytes=22384704
comp frame=40 ms=4.181 bytes=23746624
comp frame=41 ms=4.269 bytes=25168152
comp frame=42 ms=4.393 bytes=26652920
comp frame=43 ms=5.380 bytes=28195808
comp frame=44 ms=4.629 bytes=29794624
comp frame=45 ms=4.738 bytes=31441440
comp frame=46 ms=4.840 bytes=33124720
comp frame=47 ms=4.926 bytes=34838080
comp frame=48 ms=5.013 bytes=36569192
comp frame=49 ms=5.108 bytes=38303912
comp frame=50 ms=6.056 bytes=40033992
comp frame=51 ms=5.289 bytes=41755336
comp frame=52 ms=5.335 bytes=43450640
comp frame=53 ms=5.389 bytes=45144000
comp frame=54 ms=5.504 bytes=46796984
comp frame=55 ms=5.620 bytes=48386496
comp frame=56 ms=5.613 bytes=49915712
comp frame=57 ms=5.656 bytes=51364272
comp frame=58 ms=6.652 bytes=52752872
comp frame=59 ms=5.781 bytes=54040304
comp frame=60 ms=5.810 bytes=55245584
comp frame=61 ms=5.846 bytes=56357760
comp frame=62 ms=5.845 bytes=57374696
comp frame=63 ms=5.878 bytes=58297240
comp frame=64 ms=5.827 bytes=59127824
comp frame=65 ms=5.814 bytes=59862200
comp frame=66 ms=5.844 bytes=60505728
comp frame=67 ms=5.866 bytes=61070200
comp frame=68 ms=5.832 bytes=61567872
comp frame=69 ms=5.811 bytes=62018168
comp frame=70 ms=5.847 bytes=62426440
comp frame=71 ms=5.861 bytes=62791456
comp frame=72 ms=5.885 bytes=63099440
comp frame=73 ms=5.874 bytes=63371184
comp frame=74 ms=5.867 bytes=63617056
comp frame=75 ms=5.868 bytes=63844016
comp frame=76 ms=5.895 bytes=64048760
comp frame=77 ms=5.972 bytes=64221496
comp frame=78 ms=5.889 bytes=64364880
comp frame=79 ms=5.856 bytes=64483928
comp frame=80 ms=5.884 bytes=64582800
comp frame=81 ms=5.834 bytes=64655832
comp frame=82 ms=8.738 bytes=64720656
comp frame=83 ms=5.852 bytes=64796792
comp frame=84 ms=5.847 bytes=64876688
comp frame=85 ms=5.848 bytes=64945112
comp frame=86 ms=5.844 bytes=65016728
comp frame=87 ms=5.861 bytes=65062240
comp frame=88 ms=5.847 bytes=65109352
comp frame=89 ms=5.816 bytes=65157464
comp frame=90 ms=5.847 bytes=65201192
comp frame=91 ms=5.826 bytes=65249960
comp frame=92 ms=5.824 bytes=65290368
comp frame=93 ms=5.818 bytes=65329136
comp frame=94 ms=24.256 bytes=65377584
comp frame=95 ms=6.104 bytes=65415640
comp frame=96 ms=5.878 bytes=65459904
comp frame=97 ms=5.887 bytes=65505568
comp frame=98 ms=5.840 bytes=65557480
comp frame=99 ms=5.833 bytes=65603968
comp frame=100 ms=5.859 bytes=65652208
backend=HIP kernel=2d grid=248x248x248 absorb=16 st=1000 frames=101
propagate walltime (s) = 11.825076
total time (s)         = 13.599234
MSamples/s             = 1856
VmHWM (kB)             = 1551912
compression            = zfp_acc, 9650700288 -> 3719591616 bytes, ratio 2.59x
csv,HIP,2d,248,248,248,16,1000,11.825076,13.599234,1856,1551912
