HIP device: AMD Instinct MI210, block 32x16, kernel 2d
comp frame=0 ms=10.457 bytes=3032680
comp frame=1 ms=2.461 bytes=3058400
comp frame=2 ms=2.431 bytes=3083360
comp frame=3 ms=2.481 bytes=3119104
comp frame=4 ms=2.356 bytes=3166216
comp frame=5 ms=2.327 bytes=3225952
comp frame=6 ms=2.383 bytes=3299792
comp frame=7 ms=2.404 bytes=3388400
comp frame=8 ms=3.700 bytes=3493088
comp frame=9 ms=2.698 bytes=3616768
comp frame=10 ms=2.623 bytes=3757560
comp frame=11 ms=2.569 bytes=3919536
comp frame=12 ms=3.645 bytes=4104592
comp frame=13 ms=3.622 bytes=4311480
comp frame=14 ms=3.573 bytes=4542608
comp frame=15 ms=3.670 bytes=4798496
comp frame=16 ms=3.869 bytes=5084040
comp frame=17 ms=3.541 bytes=5396544
comp frame=18 ms=3.741 bytes=5743960
comp frame=19 ms=2.811 bytes=6118552
comp frame=20 ms=3.875 bytes=6522184
comp frame=21 ms=2.863 bytes=6959600
comp frame=22 ms=3.957 bytes=7438176
comp frame=23 ms=3.908 bytes=7952440
comp frame=24 ms=3.017 bytes=8508888
comp frame=25 ms=3.016 bytes=9096136
comp frame=26 ms=4.237 bytes=9723056
comp frame=27 ms=4.177 bytes=10391768
comp frame=28 ms=4.204 bytes=11103896
comp frame=29 ms=5.644 bytes=11866512
comp frame=30 ms=4.379 bytes=12684472
comp frame=31 ms=4.400 bytes=13549976
comp frame=32 ms=4.519 bytes=14456712
comp frame=33 ms=3.586 bytes=15411984
comp frame=34 ms=3.604 bytes=16421344
comp frame=35 ms=3.723 bytes=17513864
comp frame=36 ms=3.944 bytes=18664800
comp frame=37 ms=4.710 bytes=19851008
comp frame=38 ms=3.903 bytes=21090288
comp frame=39 ms=3.995 bytes=22384704
comp frame=40 ms=4.104 bytes=23746624
comp frame=41 ms=4.171 bytes=25168152
comp frame=42 ms=4.323 bytes=26652920
comp frame=43 ms=4.835 bytes=28195808
comp frame=44 ms=6.657 bytes=29794624
comp frame=45 ms=5.728 bytes=31441440
comp frame=46 ms=5.799 bytes=33124720
comp frame=47 ms=4.777 bytes=34838080
comp frame=48 ms=4.863 bytes=36569192
comp frame=49 ms=4.993 bytes=38303912
comp frame=50 ms=5.086 bytes=40033992
comp frame=51 ms=5.147 bytes=41755336
comp frame=52 ms=6.052 bytes=43450640
comp frame=53 ms=5.362 bytes=45144000
comp frame=54 ms=5.412 bytes=46796984
comp frame=55 ms=5.504 bytes=48386496
comp frame=56 ms=5.540 bytes=49915712
comp frame=57 ms=5.635 bytes=51364272
comp frame=58 ms=5.681 bytes=52752872
comp frame=59 ms=5.698 bytes=54040304
comp frame=60 ms=5.743 bytes=55245584
comp frame=61 ms=5.766 bytes=56357760
comp frame=62 ms=5.808 bytes=57374696
comp frame=63 ms=5.792 bytes=58297240
comp frame=64 ms=5.797 bytes=59127824
comp frame=65 ms=5.785 bytes=59862200
comp frame=66 ms=5.776 bytes=60505728
comp frame=67 ms=5.817 bytes=61070200
comp frame=68 ms=5.815 bytes=61567872
comp frame=69 ms=5.833 bytes=62018168
comp frame=70 ms=5.817 bytes=62426440
comp frame=71 ms=5.809 bytes=62791456
comp frame=72 ms=5.854 bytes=63099440
comp frame=73 ms=5.832 bytes=63371184
comp frame=74 ms=5.861 bytes=63617056
comp frame=75 ms=5.852 bytes=63844016
comp frame=76 ms=5.867 bytes=64048760
comp frame=77 ms=6.867 bytes=64221496
comp frame=78 ms=5.858 bytes=64364880
comp frame=79 ms=5.814 bytes=64483928
comp frame=80 ms=5.826 bytes=64582800
comp frame=81 ms=5.820 bytes=64655832
comp frame=82 ms=5.825 bytes=64720656
comp frame=83 ms=5.919 bytes=64796792
comp frame=84 ms=5.844 bytes=64876688
comp frame=85 ms=5.868 bytes=64945112
comp frame=86 ms=5.791 bytes=65016728
comp frame=87 ms=5.800 bytes=65062240
comp frame=88 ms=5.801 bytes=65109352
comp frame=89 ms=5.864 bytes=65157464
comp frame=90 ms=5.860 bytes=65201192
comp frame=91 ms=5.819 bytes=65249960
comp frame=92 ms=5.818 bytes=65290368
comp frame=93 ms=5.815 bytes=65329136
comp frame=94 ms=5.834 bytes=65377584
comp frame=95 ms=5.817 bytes=65415640
comp frame=96 ms=5.852 bytes=65459904
comp frame=97 ms=5.833 bytes=65505568
comp frame=98 ms=5.813 bytes=65557480
comp frame=99 ms=5.821 bytes=65603968
comp frame=100 ms=5.792 bytes=65652208
backend=HIP kernel=2d grid=248x248x248 absorb=16 st=1000 frames=101
propagate walltime (s) = 10.799815
total time (s)         = 12.528686
MSamples/s             = 2033
VmHWM (kB)             = 1550400
compression            = zfp_acc, 9650700288 -> 3719591616 bytes, ratio 2.59x
csv,HIP,2d,248,248,248,16,1000,10.799815,12.528686,2033,1550400
rsf_bytes=3719592424
