HIP device: AMD Instinct MI210, block 32x16, kernel 2d
comp frame=0 ms=23.835 bytes=3032680
comp frame=1 ms=2.497 bytes=3058400
comp frame=2 ms=2.673 bytes=3083360
comp frame=3 ms=2.743 bytes=3119104
comp frame=4 ms=2.528 bytes=3166216
comp frame=5 ms=2.595 bytes=3225952
comp frame=6 ms=2.645 bytes=3299792
comp frame=7 ms=2.674 bytes=3388400
comp frame=8 ms=3.947 bytes=3493088
comp frame=9 ms=2.748 bytes=3616768
comp frame=10 ms=2.884 bytes=3757560
comp frame=11 ms=2.706 bytes=3919536
comp frame=12 ms=2.809 bytes=4104592
comp frame=13 ms=2.954 bytes=4311480
comp frame=14 ms=2.934 bytes=4542608
comp frame=15 ms=3.017 bytes=4798496
comp frame=16 ms=3.112 bytes=5084040
comp frame=17 ms=3.024 bytes=5396544
comp frame=18 ms=3.280 bytes=5743960
comp frame=19 ms=3.271 bytes=6118552
comp frame=20 ms=3.105 bytes=6522184
comp frame=21 ms=3.109 bytes=6959600
comp frame=22 ms=5.036 bytes=7438176
comp frame=23 ms=3.050 bytes=7952440
comp frame=24 ms=3.094 bytes=8508888
comp frame=25 ms=3.042 bytes=9096136
comp frame=26 ms=3.150 bytes=9723056
comp frame=27 ms=3.123 bytes=10391768
comp frame=28 ms=3.181 bytes=11103896
comp frame=29 ms=3.246 bytes=11866512
comp frame=30 ms=3.348 bytes=12684472
comp frame=31 ms=3.403 bytes=13549976
comp frame=32 ms=3.500 bytes=14456712
comp frame=33 ms=3.550 bytes=15411984
comp frame=34 ms=3.643 bytes=16421344
comp frame=35 ms=3.673 bytes=17513864
comp frame=36 ms=3.793 bytes=18664800
comp frame=37 ms=4.000 bytes=19851008
comp frame=38 ms=4.017 bytes=21090288
comp frame=39 ms=4.191 bytes=22384704
comp frame=40 ms=4.247 bytes=23746624
comp frame=41 ms=4.425 bytes=25168152
comp frame=42 ms=5.370 bytes=26652920
comp frame=43 ms=4.526 bytes=28195808
comp frame=44 ms=4.619 bytes=29794624
comp frame=45 ms=4.757 bytes=31441440
comp frame=46 ms=4.788 bytes=33124720
comp frame=47 ms=5.923 bytes=34838080
comp frame=48 ms=4.941 bytes=36569192
comp frame=49 ms=5.228 bytes=38303912
comp frame=50 ms=5.340 bytes=40033992
comp frame=51 ms=5.267 bytes=41755336
comp frame=52 ms=5.495 bytes=43450640
comp frame=53 ms=6.497 bytes=45144000
comp frame=54 ms=5.528 bytes=46796984
comp frame=55 ms=5.606 bytes=48386496
comp frame=56 ms=5.645 bytes=49915712
comp frame=57 ms=5.688 bytes=51364272
comp frame=58 ms=5.727 bytes=52752872
comp frame=59 ms=5.761 bytes=54040304
comp frame=60 ms=5.789 bytes=55245584
comp frame=61 ms=6.871 bytes=56357760
comp frame=62 ms=5.929 bytes=57374696
comp frame=63 ms=5.961 bytes=58297240
comp frame=64 ms=5.917 bytes=59127824
comp frame=65 ms=6.037 bytes=59862200
comp frame=66 ms=5.881 bytes=60505728
comp frame=67 ms=5.883 bytes=61070200
comp frame=68 ms=5.853 bytes=61567872
comp frame=69 ms=5.848 bytes=62018168
comp frame=70 ms=5.871 bytes=62426440
comp frame=71 ms=6.014 bytes=62791456
comp frame=72 ms=5.952 bytes=63099440
comp frame=73 ms=5.991 bytes=63371184
comp frame=74 ms=6.121 bytes=63617056
comp frame=75 ms=85.295 bytes=63844016
comp frame=76 ms=5.939 bytes=64048760
comp frame=77 ms=5.939 bytes=64221496
comp frame=78 ms=5.865 bytes=64364880
comp frame=79 ms=5.875 bytes=64483928
comp frame=80 ms=5.949 bytes=64582800
comp frame=81 ms=5.885 bytes=64655832
comp frame=82 ms=5.883 bytes=64720656
comp frame=83 ms=5.945 bytes=64796792
comp frame=84 ms=5.935 bytes=64876688
comp frame=85 ms=6.980 bytes=64945112
comp frame=86 ms=5.851 bytes=65016728
comp frame=87 ms=5.882 bytes=65062240
comp frame=88 ms=5.846 bytes=65109352
comp frame=89 ms=5.860 bytes=65157464
comp frame=90 ms=5.858 bytes=65201192
comp frame=91 ms=5.935 bytes=65249960
comp frame=92 ms=5.912 bytes=65290368
comp frame=93 ms=5.968 bytes=65329136
comp frame=94 ms=6.082 bytes=65377584
comp frame=95 ms=6.016 bytes=65415640
comp frame=96 ms=6.090 bytes=65459904
comp frame=97 ms=5.958 bytes=65505568
comp frame=98 ms=5.881 bytes=65557480
comp frame=99 ms=5.861 bytes=65603968
comp frame=100 ms=5.844 bytes=65652208
backend=HIP kernel=2d grid=248x248x248 absorb=16 st=1000 frames=101
propagate walltime (s) = 12.332236
total time (s)         = 14.193745
MSamples/s             = 1780
VmHWM (kB)             = 1551968
compression            = zfp_acc, 9650700288 -> 3719591616 bytes, ratio 2.59x
csv,HIP,2d,248,248,248,16,1000,12.332236,14.193745,1780,1551968
