WARNING: While finding ROCm bind points: could not retrieve ld cache: exec: "/usr/sbin/ldconfig.real": stat /usr/sbin/ldconfig.real: no such file or directory
WARNING: Could not find any nv files on this host!
WARNING: Could not find any nv libraries on this host!
/usr/bin/bash: warning: setlocale: LC_ALL: cannot change locale (en_US.UTF-8)
W20260820 19:05:47.615341 140104125550464 simple_timer.cpp:55] [rocprofv3] tool initialization ::     0.150124 sec
W20260820 19:05:47.616170 140104125550464 simple_timer.cpp:55] [rocprofv3] 'build_a5_contig128/bin/benchmark_lz4_chunked -f tests/data/tti_rsf_64x64x64_t050.bin -p 65536 -x 64 -w 1 -i 2 -g 0' ::     0.000000 sec
W20260820 19:05:47.750986 140104125550464 tool.cpp:2158] HSA version 8.18.1 initialized (instance=0)
W20260820 19:05:48.381666 140104125550464 simple_timer.cpp:55] [rocprofv3] 'build_a5_contig128/bin/benchmark_lz4_chunked -f tests/data/tti_rsf_64x64x64_t050.bin -p 65536 -x 64 -w 1 -i 2 -g 0' ::     0.765496 sec
W20260820 19:05:48.422495 140104125550464 generateRocpd.cpp:580] writing SQL database for process 29222 on node 4151243474
E20260820 19:05:48.425904 140104125550464 generateRocpd.cpp:603] Opened result file: /home/ckunas/pmc_matrix_mi50/db_a5_contig128/prof_results.db (UUID=00000247-aed6-7ed6-981b-6b63487df478)
W20260820 19:05:48.699537 140104125550464 simple_timer.cpp:55] SQLite3 generation :: rocpd_string             ::     0.016071 sec
W20260820 19:05:48.704772 140104125550464 simple_timer.cpp:55] SQLite3 generation :: rocpd_info_node          ::     0.005219 sec
W20260820 19:05:48.708682 140104125550464 simple_timer.cpp:55] SQLite3 generation :: rocpd_info_process       ::     0.003900 sec
W20260820 19:05:48.722915 140104125550464 simple_timer.cpp:55] SQLite3 generation :: rocpd_info_agent         ::     0.008803 sec
W20260820 19:05:48.729513 140104125550464 simple_timer.cpp:55] SQLite3 generation :: rocpd_info_pmc           ::     0.006588 sec
W20260820 19:05:48.735526 140104125550464 simple_timer.cpp:55] SQLite3 generation :: rocpd kernel info        ::     0.006001 sec
W20260820 19:05:48.735537 140104125550464 simple_timer.cpp:55] SQLite3 generation :: rocpd_region             ::     0.000002 sec
W20260820 19:05:48.750965 140104125550464 simple_timer.cpp:55] SQLite3 generation :: rocpd_kernel_dispatch    ::     0.015421 sec
W20260820 19:05:48.780613 140104125550464 simple_timer.cpp:55] SQLite3 generation :: rocpd_pmc_event          ::     0.029631 sec
W20260820 19:05:48.780628 140104125550464 simple_timer.cpp:55] SQLite3 generation :: rocpd_memory_copy        ::     0.000000 sec
W20260820 19:05:48.780633 140104125550464 simple_timer.cpp:55] SQLite3 generation :: rocpd_memory_allocate    ::     0.000001 sec
W20260820 19:05:48.780944 140104125550464 simple_timer.cpp:55] SQLite3 generation :: SQL indexing             ::     0.000308 sec
W20260820 19:05:48.781855 140104125550464 simple_timer.cpp:55] SQLite3 generation :: total                    ::     0.359360 sec
W20260820 19:05:48.784146 140104125550464 simple_timer.cpp:55] [rocprofv3] tool finalization ::     0.402238 sec
