WARNING: While finding ROCm bind points: could not retrieve ld cache: exec: "/usr/sbin/ldconfig.real": stat /usr/sbin/ldconfig.real: no such file or directory
WARNING: Could not find any nv files on this host!
WARNING: Could not find any nv libraries on this host!
/usr/bin/bash: warning: setlocale: LC_ALL: cannot change locale (en_US.UTF-8)
W20260820 19:05:51.246346 140347414568832 simple_timer.cpp:55] [rocprofv3] tool initialization ::     0.151184 sec
W20260820 19:05:51.247178 140347414568832 simple_timer.cpp:55] [rocprofv3] 'build_a5_spread128/bin/benchmark_lz4_chunked -f tests/data/tti_rsf_64x64x64_t050.bin -p 65536 -x 64 -w 1 -i 2 -g 0' ::     0.000000 sec
W20260820 19:05:51.383640 140347414568832 tool.cpp:2158] HSA version 8.18.1 initialized (instance=0)
W20260820 19:05:51.898547 140347414568832 simple_timer.cpp:55] [rocprofv3] 'build_a5_spread128/bin/benchmark_lz4_chunked -f tests/data/tti_rsf_64x64x64_t050.bin -p 65536 -x 64 -w 1 -i 2 -g 0' ::     0.651369 sec
W20260820 19:05:51.938207 140347414568832 generateRocpd.cpp:580] writing SQL database for process 29320 on node 4151243474
E20260820 19:05:51.941577 140347414568832 generateRocpd.cpp:603] Opened result file: /home/ckunas/pmc_matrix_mi50/db_a5_spread128/prof_results.db (UUID=00000247-bd0e-7d0e-b917-3a151d03daed)
W20260820 19:05:52.211055 140347414568832 simple_timer.cpp:55] SQLite3 generation :: rocpd_string             ::     0.015043 sec
W20260820 19:05:52.215883 140347414568832 simple_timer.cpp:55] SQLite3 generation :: rocpd_info_node          ::     0.004813 sec
W20260820 19:05:52.220602 140347414568832 simple_timer.cpp:55] SQLite3 generation :: rocpd_info_process       ::     0.004707 sec
W20260820 19:05:52.235875 140347414568832 simple_timer.cpp:55] SQLite3 generation :: rocpd_info_agent         ::     0.008628 sec
W20260820 19:05:52.242018 140347414568832 simple_timer.cpp:55] SQLite3 generation :: rocpd_info_pmc           ::     0.006132 sec
W20260820 19:05:52.247525 140347414568832 simple_timer.cpp:55] SQLite3 generation :: rocpd kernel info        ::     0.005497 sec
W20260820 19:05:52.247536 140347414568832 simple_timer.cpp:55] SQLite3 generation :: rocpd_region             ::     0.000002 sec
W20260820 19:05:52.263348 140347414568832 simple_timer.cpp:55] SQLite3 generation :: rocpd_kernel_dispatch    ::     0.015805 sec
W20260820 19:05:52.293369 140347414568832 simple_timer.cpp:55] SQLite3 generation :: rocpd_pmc_event          ::     0.030005 sec
W20260820 19:05:52.293385 140347414568832 simple_timer.cpp:55] SQLite3 generation :: rocpd_memory_copy        ::     0.000000 sec
W20260820 19:05:52.293390 140347414568832 simple_timer.cpp:55] SQLite3 generation :: rocpd_memory_allocate    ::     0.000001 sec
W20260820 19:05:52.293695 140347414568832 simple_timer.cpp:55] SQLite3 generation :: SQL indexing             ::     0.000302 sec
W20260820 19:05:52.294717 140347414568832 simple_timer.cpp:55] SQLite3 generation :: total                    ::     0.356510 sec
W20260820 19:05:52.297225 140347414568832 simple_timer.cpp:55] [rocprofv3] tool finalization ::     0.398088 sec
