WARNING: While finding ROCm bind points: could not retrieve ld cache: exec: "/usr/sbin/ldconfig.real": stat /usr/sbin/ldconfig.real: no such file or directory
WARNING: Could not find any nv files on this host!
WARNING: Could not find any nv libraries on this host!
/usr/bin/bash: warning: setlocale: LC_ALL: cannot change locale (en_US.UTF-8)
W20260820 19:05:54.774021 140487374380928 simple_timer.cpp:55] [rocprofv3] tool initialization ::     0.150375 sec
W20260820 19:05:54.774843 140487374380928 simple_timer.cpp:55] [rocprofv3] 'build_a6_contig128pad32/bin/benchmark_lz4_chunked -f tests/data/tti_rsf_64x64x64_t050.bin -p 65536 -x 64 -w 1 -i 2 -g 0' ::     0.000000 sec
W20260820 19:05:54.914949 140487374380928 tool.cpp:2158] HSA version 8.18.1 initialized (instance=0)
W20260820 19:05:55.370120 140487374380928 simple_timer.cpp:55] [rocprofv3] 'build_a6_contig128pad32/bin/benchmark_lz4_chunked -f tests/data/tti_rsf_64x64x64_t050.bin -p 65536 -x 64 -w 1 -i 2 -g 0' ::     0.595277 sec
W20260820 19:05:55.410837 140487374380928 generateRocpd.cpp:580] writing SQL database for process 29416 on node 4151243474
E20260820 19:05:55.414270 140487374380928 generateRocpd.cpp:603] Opened result file: /home/ckunas/pmc_matrix_mi50/db_a6_contig128pad32/prof_results.db (UUID=00000247-cac1-7ac1-a3bd-4cd6aea5462a)
W20260820 19:05:55.657506 140487374380928 simple_timer.cpp:55] SQLite3 generation :: rocpd_string             ::     0.015916 sec
W20260820 19:05:55.664148 140487374380928 simple_timer.cpp:55] SQLite3 generation :: rocpd_info_node          ::     0.006625 sec
W20260820 19:05:55.669898 140487374380928 simple_timer.cpp:55] SQLite3 generation :: rocpd_info_process       ::     0.005741 sec
W20260820 19:05:55.688381 140487374380928 simple_timer.cpp:55] SQLite3 generation :: rocpd_info_agent         ::     0.008945 sec
W20260820 19:05:55.695796 140487374380928 simple_timer.cpp:55] SQLite3 generation :: rocpd_info_pmc           ::     0.007405 sec
W20260820 19:05:55.702021 140487374380928 simple_timer.cpp:55] SQLite3 generation :: rocpd kernel info        ::     0.006215 sec
W20260820 19:05:55.702032 140487374380928 simple_timer.cpp:55] SQLite3 generation :: rocpd_region             ::     0.000002 sec
W20260820 19:05:55.718271 140487374380928 simple_timer.cpp:55] SQLite3 generation :: rocpd_kernel_dispatch    ::     0.016233 sec
W20260820 19:05:55.748019 140487374380928 simple_timer.cpp:55] SQLite3 generation :: rocpd_pmc_event          ::     0.029731 sec
W20260820 19:05:55.748034 140487374380928 simple_timer.cpp:55] SQLite3 generation :: rocpd_memory_copy        ::     0.000000 sec
W20260820 19:05:55.748039 140487374380928 simple_timer.cpp:55] SQLite3 generation :: rocpd_memory_allocate    ::     0.000001 sec
W20260820 19:05:55.748347 140487374380928 simple_timer.cpp:55] SQLite3 generation :: SQL indexing             ::     0.000304 sec
W20260820 19:05:55.749239 140487374380928 simple_timer.cpp:55] SQLite3 generation :: total                    ::     0.338402 sec
W20260820 19:05:55.751603 140487374380928 simple_timer.cpp:55] [rocprofv3] tool finalization ::     0.381235 sec
