HIP device: AMD Instinct MI210, block 32x16, kernel 2d
hybrid frame=0 zero_frac=1.0000 codec=lz4
hybrid frame=1 zero_frac=0.9882 codec=lz4
hybrid frame=2 zero_frac=0.9735 codec=lz4
hybrid frame=3 zero_frac=0.9615 codec=lz4
hybrid frame=4 zero_frac=0.9501 codec=lz4
hybrid frame=5 zero_frac=0.9391 codec=lz4
hybrid frame=6 zero_frac=0.9282 codec=lz4
hybrid frame=7 zero_frac=0.9164 codec=lz4
hybrid frame=8 zero_frac=0.9037 codec=lz4
hybrid frame=9 zero_frac=0.8897 codec=zfp_acc
hybrid frame=10 zero_frac=0.8746 codec=zfp_acc
hybrid frame=11 zero_frac=0.8584 codec=zfp_acc
hybrid frame=12 zero_frac=0.8412 codec=zfp_acc
hybrid frame=13 zero_frac=0.8229 codec=zfp_acc
hybrid frame=14 zero_frac=0.8037 codec=zfp_acc
hybrid frame=15 zero_frac=0.7831 codec=zfp_acc
hybrid frame=16 zero_frac=0.7616 codec=zfp_acc
hybrid frame=17 zero_frac=0.7389 codec=zfp_acc
hybrid frame=18 zero_frac=0.7150 codec=zfp_acc
hybrid frame=19 zero_frac=0.6899 codec=zfp_acc
hybrid frame=20 zero_frac=0.6636 codec=zfp_acc
hybrid frame=21 zero_frac=0.6361 codec=zfp_acc
hybrid frame=22 zero_frac=0.6073 codec=zfp_acc
hybrid frame=23 zero_frac=0.5776 codec=zfp_acc
hybrid frame=24 zero_frac=0.5468 codec=zfp_acc
hybrid frame=25 zero_frac=0.5155 codec=zfp_acc
hybrid frame=26 zero_frac=0.4838 codec=zfp_acc
hybrid frame=27 zero_frac=0.4524 codec=zfp_acc
hybrid frame=28 zero_frac=0.4212 codec=zfp_acc
hybrid frame=29 zero_frac=0.3909 codec=zfp_acc
hybrid frame=30 zero_frac=0.3613 codec=zfp_acc
hybrid frame=31 zero_frac=0.3332 codec=zfp_acc
hybrid frame=32 zero_frac=0.3067 codec=zfp_acc
hybrid frame=33 zero_frac=0.2816 codec=zfp_acc
hybrid frame=34 zero_frac=0.2584 codec=zfp_acc
hybrid frame=35 zero_frac=0.2367 codec=zfp_acc
hybrid frame=36 zero_frac=0.2166 codec=zfp_acc
hybrid frame=37 zero_frac=0.1980 codec=zfp_acc
hybrid frame=38 zero_frac=0.1810 codec=zfp_acc
hybrid frame=39 zero_frac=0.1656 codec=zfp_acc
hybrid frame=40 zero_frac=0.1517 codec=zfp_acc
hybrid frame=41 zero_frac=0.1395 codec=zfp_acc
hybrid frame=42 zero_frac=0.1287 codec=zfp_acc
hybrid frame=43 zero_frac=0.1195 codec=zfp_acc
hybrid frame=44 zero_frac=0.1117 codec=zfp_acc
hybrid frame=45 zero_frac=0.1053 codec=zfp_acc
hybrid frame=46 zero_frac=0.1000 codec=zfp_acc
hybrid frame=47 zero_frac=0.0957 codec=zfp_acc
hybrid frame=48 zero_frac=0.0922 codec=zfp_acc
hybrid frame=49 zero_frac=0.0894 codec=zfp_acc
hybrid frame=50 zero_frac=0.0872 codec=zfp_acc
hybrid frame=51 zero_frac=0.0854 codec=zfp_acc
hybrid frame=52 zero_frac=0.0841 codec=zfp_acc
hybrid frame=53 zero_frac=0.0831 codec=zfp_acc
hybrid frame=54 zero_frac=0.0823 codec=zfp_acc
hybrid frame=55 zero_frac=0.0818 codec=zfp_acc
hybrid frame=56 zero_frac=0.0815 codec=zfp_acc
hybrid frame=57 zero_frac=0.0813 codec=zfp_acc
hybrid frame=58 zero_frac=0.0811 codec=zfp_acc
hybrid frame=59 zero_frac=0.0811 codec=zfp_acc
hybrid frame=60 zero_frac=0.0811 codec=zfp_acc
hybrid frame=61 zero_frac=0.0810 codec=zfp_acc
hybrid frame=62 zero_frac=0.0810 codec=zfp_acc
hybrid frame=63 zero_frac=0.0810 codec=zfp_acc
hybrid frame=64 zero_frac=0.0810 codec=zfp_acc
hybrid frame=65 zero_frac=0.0810 codec=zfp_acc
hybrid frame=66 zero_frac=0.0810 codec=zfp_acc
hybrid frame=67 zero_frac=0.0810 codec=zfp_acc
hybrid frame=68 zero_frac=0.0810 codec=zfp_acc
hybrid frame=69 zero_frac=0.0810 codec=zfp_acc
hybrid frame=70 zero_frac=0.0810 codec=zfp_acc
hybrid frame=71 zero_frac=0.0810 codec=zfp_acc
hybrid frame=72 zero_frac=0.0810 codec=zfp_acc
hybrid frame=73 zero_frac=0.0810 codec=zfp_acc
hybrid frame=74 zero_frac=0.0810 codec=zfp_acc
hybrid frame=75 zero_frac=0.0810 codec=zfp_acc
hybrid frame=76 zero_frac=0.0810 codec=zfp_acc
hybrid frame=77 zero_frac=0.0810 codec=zfp_acc
hybrid frame=78 zero_frac=0.0810 codec=zfp_acc
hybrid frame=79 zero_frac=0.0810 codec=zfp_acc
hybrid frame=80 zero_frac=0.0810 codec=zfp_acc
hybrid frame=81 zero_frac=0.0810 codec=zfp_acc
hybrid frame=82 zero_frac=0.0810 codec=zfp_acc
hybrid frame=83 zero_frac=0.0810 codec=zfp_acc
hybrid frame=84 zero_frac=0.0810 codec=zfp_acc
hybrid frame=85 zero_frac=0.0810 codec=zfp_acc
hybrid frame=86 zero_frac=0.0810 codec=zfp_acc
hybrid frame=87 zero_frac=0.0810 codec=zfp_acc
hybrid frame=88 zero_frac=0.0810 codec=zfp_acc
hybrid frame=89 zero_frac=0.0810 codec=zfp_acc
hybrid frame=90 zero_frac=0.0810 codec=zfp_acc
hybrid frame=91 zero_frac=0.0810 codec=zfp_acc
hybrid frame=92 zero_frac=0.0810 codec=zfp_acc
hybrid frame=93 zero_frac=0.0810 codec=zfp_acc
hybrid frame=94 zero_frac=0.0810 codec=zfp_acc
hybrid frame=95 zero_frac=0.0810 codec=zfp_acc
hybrid frame=96 zero_frac=0.0810 codec=zfp_acc
hybrid frame=97 zero_frac=0.0810 codec=zfp_acc
hybrid frame=98 zero_frac=0.0810 codec=zfp_acc
hybrid frame=99 zero_frac=0.0810 codec=zfp_acc
hybrid frame=100 zero_frac=0.0810 codec=zfp_acc
backend=HIP kernel=2d grid=248x248x248 absorb=16 st=1000 frames=101
propagate walltime (s) = 11.435005
total time (s)         = 13.406404
MSamples/s             = 1920
VmHWM (kB)             = 1549516
compression            = hybrid90, 9650700288 -> 3742752989 bytes, ratio 2.58x
csv,HIP,2d,248,248,248,16,1000,11.435005,13.406404,1920,1549516
hybrid summary: theta=0.90 frames lz4=9 zfp_acc=92
