GPU Information:
  Device:          Radeon RX 7900 XT
  Compute Units:   42
  Total Memory:    19.98 GB

Compression:
  Throughput:               31.09 GB/s
  Effective Bandwidth:      29.92 GB/s
  Total Time:               226.2 ms
  Compression Time:         23.1 ms (10.2%)
  Transfer Time:            203.1 ms (89.8%)
  Compression Ratio:        1.04x
  Space Saved:              27.02 MB (3.8%)

Decompression:
  Throughput:               187.28 GB/s
  Total Time:               206.9 ms
  Decompression Time:       3.8 ms (1.9%)
  Transfer Time:            203.1 ms (98.1%)

Chunk Statistics:
  Number of Chunks:         10976
  Chunk Size:               64 KB
  Avg Time per Chunk:       0.002 ms
  Chunks per Second:        474423

Accumulated Statistics (3 iterations):
  Total Data Processed:     2.16 GB -> 2.08 GB
  Total Time:               0.07 s
  Avg Compression Ratio:    1.04x
  Throughput Range:         30.86 - 31.45 GB/s
  Comp Throughput StdDev:   0.26 GB/s
  Decomp Throughput StdDev: 3.23 GB/s
  Comp Time StdDev:         0.190 ms
  Decomp Time StdDev:       0.066 ms
  Avg Throughput:           31.09 GB/s

