W20260820 01:53:33.606404 140697458204544 simple_timer.cpp:55] [rocprofv3] tool initialization ::     0.106454 sec
W20260820 01:53:33.612679 140697458204544 simple_timer.cpp:55] [rocprofv3] '/ssd/cakunas/campaign-htocc/arcto/build_ht128/bin/benchmark_lz4_chunked -f /ssd/cakunas/compression-experiments/testdata/large_TTI_1024.bin -p 65536 -w 1 -i 3 -g 0' ::     0.000000 sec
W20260820 01:53:33.651321 140697458204544 tool.cpp:2422] HSA version 8.20.3 initialized (instance=0)
W20260820 01:53:36.270282 140697458204544 simple_timer.cpp:55] [rocprofv3] '/ssd/cakunas/campaign-htocc/arcto/build_ht128/bin/benchmark_lz4_chunked -f /ssd/cakunas/compression-experiments/testdata/large_TTI_1024.bin -p 65536 -w 1 -i 3 -g 0' ::     2.657603 sec
W20260820 01:53:36.457267 140697458204544 generateRocpd.cpp:582] writing SQL database for process 485516 on node 3370503282
E20260820 01:53:36.458185 140697458204544 generateRocpd.cpp:605] Opened result file: /ssd/cakunas/campaign-htocc/results_a3_pmc/ht128_GL2C_HIT-GL2C_MISS-GRBM_/prof_results.db (UUID=000001ce-681c-781c-9d4f-4ebbccf2ab59)
W20260820 01:53:36.542994 140697458204544 simple_timer.cpp:55] SQLite3 generation :: rocpd_string             ::     0.008203 sec
W20260820 01:53:36.544069 140697458204544 simple_timer.cpp:55] SQLite3 generation :: rocpd_info_node          ::     0.001065 sec
W20260820 01:53:36.545424 140697458204544 simple_timer.cpp:55] SQLite3 generation :: rocpd_info_process       ::     0.001346 sec
W20260820 01:53:36.549934 140697458204544 simple_timer.cpp:55] SQLite3 generation :: rocpd_info_agent         ::     0.002324 sec
W20260820 01:53:36.554082 140697458204544 simple_timer.cpp:55] SQLite3 generation :: rocpd_info_pmc           ::     0.004139 sec
W20260820 01:53:36.556044 140697458204544 simple_timer.cpp:55] SQLite3 generation :: rocpd kernel info        ::     0.001952 sec
W20260820 01:53:36.556061 140697458204544 simple_timer.cpp:55] SQLite3 generation :: rocpd_region             ::     0.000009 sec
W20260820 01:53:36.560011 140697458204544 simple_timer.cpp:55] SQLite3 generation :: rocpd_kernel_dispatch    ::     0.003945 sec
W20260820 01:53:36.571042 140697458204544 simple_timer.cpp:55] SQLite3 generation :: rocpd_pmc_event          ::     0.011021 sec
W20260820 01:53:36.571051 140697458204544 simple_timer.cpp:55] SQLite3 generation :: rocpd_memory_copy        ::     0.000000 sec
W20260820 01:53:36.571055 140697458204544 simple_timer.cpp:55] SQLite3 generation :: rocpd_memory_allocate    ::     0.000001 sec
W20260820 01:53:36.571181 140697458204544 simple_timer.cpp:55] SQLite3 generation :: SQL indexing             ::     0.000122 sec
W20260820 01:53:36.571345 140697458204544 simple_timer.cpp:55] SQLite3 generation :: total                    ::     0.114079 sec
W20260820 01:53:36.573443 140697458204544 simple_timer.cpp:55] [rocprofv3] output generation ::     0.302841 sec
W20260820 01:53:36.573485 140697458204544 simple_timer.cpp:55] [rocprofv3] tool finalization ::     0.302890 sec
