GPU Information:
  Device:          Radeon RX 7900 XT
  Compute Units:   42
  Total Memory:    19.98 GB

Compression:
  Throughput:               6.86 GB/s
  Effective Bandwidth:      6.60 GB/s
  Total Time:               308.2 ms
  Compression Time:         104.9 ms (34.0%)
  Transfer Time:            203.3 ms (66.0%)
  Compression Ratio:        1.04x
  Space Saved:              26.52 MB (3.7%)

Decompression:
  Throughput:               144.18 GB/s
  Total Time:               208.3 ms
  Decompression Time:       5.0 ms (2.4%)
  Transfer Time:            203.3 ms (97.6%)

Chunk Statistics:
  Number of Chunks:         10976
  Chunk Size:               64 KB
  Avg Time per Chunk:       0.010 ms
  Chunks per Second:        104638

Accumulated Statistics (3 iterations):
  Total Data Processed:     2.16 GB -> 2.08 GB
  Total Time:               0.31 s
  Avg Compression Ratio:    1.04x
  Throughput Range:         6.84 - 6.88 GB/s
  Comp Throughput StdDev:   0.01 GB/s
  Decomp Throughput StdDev: 10.83 GB/s
  Comp Time StdDev:         0.216 ms
  Decomp Time StdDev:       0.392 ms
  Avg Throughput:           6.86 GB/s

