WARNING: While finding ROCm bind points: could not retrieve ld cache: exec: "/usr/sbin/ldconfig.real": stat /usr/sbin/ldconfig.real: no such file or directory
WARNING: Could not find any nv files on this host!
WARNING: Could not find any nv libraries on this host!
/usr/bin/bash: warning: setlocale: LC_ALL: cannot change locale (en_US.UTF-8)
W20260820 19:21:06.427320 140374340616064 simple_timer.cpp:55] [rocprofv3] tool initialization ::     0.150138 sec
W20260820 19:21:06.428155 140374340616064 simple_timer.cpp:55] [rocprofv3] 'build_e13_pad0/bin/benchmark_lz4_chunked -f tests/data/tti_rsf_64x64x64_t050.bin -p 65536 -x 64 -w 1 -i 2 -g 0' ::     0.000000 sec
W20260820 19:21:06.563466 140374340616064 tool.cpp:2158] HSA version 8.18.1 initialized (instance=0)
W20260820 19:21:07.025335 140374340616064 simple_timer.cpp:55] [rocprofv3] 'build_e13_pad0/bin/benchmark_lz4_chunked -f tests/data/tti_rsf_64x64x64_t050.bin -p 65536 -x 64 -w 1 -i 2 -g 0' ::     0.597180 sec
W20260820 19:21:07.066811 140374340616064 generateRocpd.cpp:580] writing SQL database for process 32393 on node 4151243474
E20260820 19:21:07.070688 140374340616064 generateRocpd.cpp:603] Opened result file: /home/ckunas/loop-mi50/results_e13_mi50/db_pad0/prof_results.db (UUID=00000255-b3ee-73ee-bcc1-cd447ee6516e)
W20260820 19:21:07.306606 140374340616064 simple_timer.cpp:55] SQLite3 generation :: rocpd_string             ::     0.014776 sec
W20260820 19:21:07.310696 140374340616064 simple_timer.cpp:55] SQLite3 generation :: rocpd_info_node          ::     0.004073 sec
W20260820 19:21:07.315315 140374340616064 simple_timer.cpp:55] SQLite3 generation :: rocpd_info_process       ::     0.004609 sec
W20260820 19:21:07.329644 140374340616064 simple_timer.cpp:55] SQLite3 generation :: rocpd_info_agent         ::     0.008341 sec
W20260820 19:21:07.336122 140374340616064 simple_timer.cpp:55] SQLite3 generation :: rocpd_info_pmc           ::     0.006468 sec
W20260820 19:21:07.342678 140374340616064 simple_timer.cpp:55] SQLite3 generation :: rocpd kernel info        ::     0.006546 sec
W20260820 19:21:07.342690 140374340616064 simple_timer.cpp:55] SQLite3 generation :: rocpd_region             ::     0.000002 sec
W20260820 19:21:07.358683 140374340616064 simple_timer.cpp:55] SQLite3 generation :: rocpd_kernel_dispatch    ::     0.015987 sec
W20260820 19:21:07.388644 140374340616064 simple_timer.cpp:55] SQLite3 generation :: rocpd_pmc_event          ::     0.029944 sec
W20260820 19:21:07.388661 140374340616064 simple_timer.cpp:55] SQLite3 generation :: rocpd_memory_copy        ::     0.000000 sec
W20260820 19:21:07.388667 140374340616064 simple_timer.cpp:55] SQLite3 generation :: rocpd_memory_allocate    ::     0.000001 sec
W20260820 19:21:07.388980 140374340616064 simple_timer.cpp:55] SQLite3 generation :: SQL indexing             ::     0.000308 sec
W20260820 19:21:07.389961 140374340616064 simple_timer.cpp:55] SQLite3 generation :: total                    ::     0.323150 sec
W20260820 19:21:07.392401 140374340616064 simple_timer.cpp:55] [rocprofv3] tool finalization ::     0.366903 sec
