WARNING: While finding ROCm bind points: could not retrieve ld cache: exec: "/usr/sbin/ldconfig.real": stat /usr/sbin/ldconfig.real: no such file or directory
WARNING: Could not find any nv files on this host!
WARNING: Could not find any nv libraries on this host!
/usr/bin/bash: warning: setlocale: LC_ALL: cannot change locale (en_US.UTF-8)
W20260820 19:19:27.950494 139787384209280 simple_timer.cpp:55] [rocprofv3] tool initialization ::     0.109868 sec
W20260820 19:19:27.951169 139787384209280 simple_timer.cpp:55] [rocprofv3] 'build_ht128pad32/bin/benchmark_lz4_chunked -f tests/data/tti_rsf_64x64x64_t050.bin -p 65536 -x 64 -w 1 -i 2 -g 0' ::     0.000000 sec
W20260820 19:19:28.064265 139787384209280 tool.cpp:2158] HSA version 8.18.1 initialized (instance=0)
W20260820 19:19:28.416933 139787384209280 simple_timer.cpp:55] [rocprofv3] 'build_ht128pad32/bin/benchmark_lz4_chunked -f tests/data/tti_rsf_64x64x64_t050.bin -p 65536 -x 64 -w 1 -i 2 -g 0' ::     0.465764 sec
W20260820 19:19:28.449021 139787384209280 generateRocpd.cpp:580] writing SQL database for process 70324 on node 4151243474
E20260820 19:19:28.452210 139787384209280 generateRocpd.cpp:603] Opened result file: /home/ckunas/pmc_matrix_mi210/db_ht128pad32_TCP_TCC_READ_REQ_sum/prof_results.db (UUID=0000006a-21fa-71fa-9a6d-110931879da0)
W20260820 19:19:28.565745 139787384209280 simple_timer.cpp:55] SQLite3 generation :: rocpd_string             ::     0.006811 sec
W20260820 19:19:28.567232 139787384209280 simple_timer.cpp:55] SQLite3 generation :: rocpd_info_node          ::     0.001479 sec
W20260820 19:19:28.568815 139787384209280 simple_timer.cpp:55] SQLite3 generation :: rocpd_info_process       ::     0.001579 sec
W20260820 19:19:28.575985 139787384209280 simple_timer.cpp:55] SQLite3 generation :: rocpd_info_agent         ::     0.003677 sec
W20260820 19:19:28.578754 139787384209280 simple_timer.cpp:55] SQLite3 generation :: rocpd_info_pmc           ::     0.002763 sec
W20260820 19:19:28.580671 139787384209280 simple_timer.cpp:55] SQLite3 generation :: rocpd kernel info        ::     0.001912 sec
W20260820 19:19:28.580678 139787384209280 simple_timer.cpp:55] SQLite3 generation :: rocpd_region             ::     0.000003 sec
W20260820 19:19:28.587893 139787384209280 simple_timer.cpp:55] SQLite3 generation :: rocpd_kernel_dispatch    ::     0.007212 sec
W20260820 19:19:28.594801 139787384209280 simple_timer.cpp:55] SQLite3 generation :: rocpd_pmc_event          ::     0.006900 sec
W20260820 19:19:28.594808 139787384209280 simple_timer.cpp:55] SQLite3 generation :: rocpd_memory_copy        ::     0.000000 sec
W20260820 19:19:28.594810 139787384209280 simple_timer.cpp:55] SQLite3 generation :: rocpd_memory_allocate    ::     0.000000 sec
W20260820 19:19:28.594963 139787384209280 simple_timer.cpp:55] SQLite3 generation :: SQL indexing             ::     0.000152 sec
W20260820 19:19:28.595364 139787384209280 simple_timer.cpp:55] SQLite3 generation :: total                    ::     0.146343 sec
W20260820 19:19:28.600602 139787384209280 simple_timer.cpp:55] [rocprofv3] tool finalization ::     0.183541 sec
