WARNING: While finding ROCm bind points: could not retrieve ld cache: exec: "/usr/sbin/ldconfig.real": stat /usr/sbin/ldconfig.real: no such file or directory
WARNING: Could not find any nv files on this host!
WARNING: Could not find any nv libraries on this host!
/usr/bin/bash: warning: setlocale: LC_ALL: cannot change locale (en_US.UTF-8)
W20260820 19:18:53.965945 139991280013184 simple_timer.cpp:55] [rocprofv3] tool initialization ::     0.109570 sec
W20260820 19:18:53.966769 139991280013184 simple_timer.cpp:55] [rocprofv3] 'build_ht128/bin/benchmark_lz4_chunked -f tests/data/tti_rsf_64x64x64_t050.bin -p 65536 -x 64 -w 1 -i 2 -g 0' ::     0.000000 sec
W20260820 19:18:54.068776 139991280013184 tool.cpp:2158] HSA version 8.18.1 initialized (instance=0)
W20260820 19:18:54.421030 139991280013184 simple_timer.cpp:55] [rocprofv3] 'build_ht128/bin/benchmark_lz4_chunked -f tests/data/tti_rsf_64x64x64_t050.bin -p 65536 -x 64 -w 1 -i 2 -g 0' ::     0.454261 sec
W20260820 19:18:54.446473 139991280013184 generateRocpd.cpp:580] writing SQL database for process 68213 on node 4151243474
E20260820 19:18:54.448975 139991280013184 generateRocpd.cpp:603] Opened result file: /home/ckunas/pmc_matrix_mi210/db_ht128_TCC_HIT/prof_results.db (UUID=00000069-9d36-7d36-8962-8eb345f0f74b)
W20260820 19:18:54.564398 139991280013184 simple_timer.cpp:55] SQLite3 generation :: rocpd_string             ::     0.008747 sec
W20260820 19:18:54.566811 139991280013184 simple_timer.cpp:55] SQLite3 generation :: rocpd_info_node          ::     0.002403 sec
W20260820 19:18:54.568674 139991280013184 simple_timer.cpp:55] SQLite3 generation :: rocpd_info_process       ::     0.001859 sec
W20260820 19:18:54.578422 139991280013184 simple_timer.cpp:55] SQLite3 generation :: rocpd_info_agent         ::     0.004985 sec
W20260820 19:18:54.582676 139991280013184 simple_timer.cpp:55] SQLite3 generation :: rocpd_info_pmc           ::     0.004247 sec
W20260820 19:18:54.585612 139991280013184 simple_timer.cpp:55] SQLite3 generation :: rocpd kernel info        ::     0.002931 sec
W20260820 19:18:54.585618 139991280013184 simple_timer.cpp:55] SQLite3 generation :: rocpd_region             ::     0.000001 sec
W20260820 19:18:54.594063 139991280013184 simple_timer.cpp:55] SQLite3 generation :: rocpd_kernel_dispatch    ::     0.008442 sec
W20260820 19:18:54.618267 139991280013184 simple_timer.cpp:55] SQLite3 generation :: rocpd_pmc_event          ::     0.024195 sec
W20260820 19:18:54.618279 139991280013184 simple_timer.cpp:55] SQLite3 generation :: rocpd_memory_copy        ::     0.000000 sec
W20260820 19:18:54.618282 139991280013184 simple_timer.cpp:55] SQLite3 generation :: rocpd_memory_allocate    ::     0.000000 sec
W20260820 19:18:54.618455 139991280013184 simple_timer.cpp:55] SQLite3 generation :: SQL indexing             ::     0.000170 sec
W20260820 19:18:54.619345 139991280013184 simple_timer.cpp:55] SQLite3 generation :: total                    ::     0.172872 sec
W20260820 19:18:54.625315 139991280013184 simple_timer.cpp:55] [rocprofv3] tool finalization ::     0.204159 sec
