WARNING: While finding ROCm bind points: could not retrieve ld cache: exec: "/usr/sbin/ldconfig.real": stat /usr/sbin/ldconfig.real: no such file or directory
WARNING: Could not find any nv files on this host!
WARNING: Could not find any nv libraries on this host!
/usr/bin/bash: warning: setlocale: LC_ALL: cannot change locale (en_US.UTF-8)
W20260820 19:19:12.155652 139815758790528 simple_timer.cpp:55] [rocprofv3] tool initialization ::     0.108848 sec
W20260820 19:19:12.156379 139815758790528 simple_timer.cpp:55] [rocprofv3] 'build_ht16384/bin/benchmark_lz4_chunked -f tests/data/tti_rsf_64x64x64_t050.bin -p 65536 -x 64 -w 1 -i 2 -g 0' ::     0.000000 sec
W20260820 19:19:12.266895 139815758790528 tool.cpp:2158] HSA version 8.18.1 initialized (instance=0)
W20260820 19:19:12.717748 139815758790528 simple_timer.cpp:55] [rocprofv3] 'build_ht16384/bin/benchmark_lz4_chunked -f tests/data/tti_rsf_64x64x64_t050.bin -p 65536 -x 64 -w 1 -i 2 -g 0' ::     0.561368 sec
W20260820 19:19:12.745713 139815758790528 generateRocpd.cpp:580] writing SQL database for process 69341 on node 4151243474
E20260820 19:19:12.748261 139815758790528 generateRocpd.cpp:603] Opened result file: /home/ckunas/pmc_matrix_mi210/db_ht16384_TCP_TCC_READ_REQ_sum/prof_results.db (UUID=00000069-e477-7477-90be-cc36afe0bd9e)
W20260820 19:19:12.847661 139815758790528 simple_timer.cpp:55] SQLite3 generation :: rocpd_string             ::     0.007329 sec
W20260820 19:19:12.848988 139815758790528 simple_timer.cpp:55] SQLite3 generation :: rocpd_info_node          ::     0.001309 sec
W20260820 19:19:12.850564 139815758790528 simple_timer.cpp:55] SQLite3 generation :: rocpd_info_process       ::     0.001571 sec
W20260820 19:19:12.856780 139815758790528 simple_timer.cpp:55] SQLite3 generation :: rocpd_info_agent         ::     0.003728 sec
W20260820 19:19:12.859306 139815758790528 simple_timer.cpp:55] SQLite3 generation :: rocpd_info_pmc           ::     0.002520 sec
W20260820 19:19:12.861083 139815758790528 simple_timer.cpp:55] SQLite3 generation :: rocpd kernel info        ::     0.001773 sec
W20260820 19:19:12.861090 139815758790528 simple_timer.cpp:55] SQLite3 generation :: rocpd_region             ::     0.000003 sec
W20260820 19:19:12.868581 139815758790528 simple_timer.cpp:55] SQLite3 generation :: rocpd_kernel_dispatch    ::     0.007489 sec
W20260820 19:19:12.874725 139815758790528 simple_timer.cpp:55] SQLite3 generation :: rocpd_pmc_event          ::     0.006137 sec
W20260820 19:19:12.874732 139815758790528 simple_timer.cpp:55] SQLite3 generation :: rocpd_memory_copy        ::     0.000000 sec
W20260820 19:19:12.874736 139815758790528 simple_timer.cpp:55] SQLite3 generation :: rocpd_memory_allocate    ::     0.000001 sec
W20260820 19:19:12.874921 139815758790528 simple_timer.cpp:55] SQLite3 generation :: SQL indexing             ::     0.000184 sec
W20260820 19:19:12.875595 139815758790528 simple_timer.cpp:55] SQLite3 generation :: total                    ::     0.129883 sec
W20260820 19:19:12.881187 139815758790528 simple_timer.cpp:55] [rocprofv3] tool finalization ::     0.163306 sec
