WARNING: While finding ROCm bind points: could not retrieve ld cache: exec: "/usr/sbin/ldconfig.real": stat /usr/sbin/ldconfig.real: no such file or directory
WARNING: Could not find any nv files on this host!
WARNING: Could not find any nv libraries on this host!
/usr/bin/bash: warning: setlocale: LC_ALL: cannot change locale (en_US.UTF-8)
W20260820 19:19:09.595469 140058611203968 simple_timer.cpp:55] [rocprofv3] tool initialization ::     0.109116 sec
W20260820 19:19:09.596267 140058611203968 simple_timer.cpp:55] [rocprofv3] 'build_ht16384/bin/benchmark_lz4_chunked -f tests/data/tti_rsf_64x64x64_t050.bin -p 65536 -x 64 -w 1 -i 2 -g 0' ::     0.000000 sec
W20260820 19:19:09.696396 140058611203968 tool.cpp:2158] HSA version 8.18.1 initialized (instance=0)
W20260820 19:19:10.124568 140058611203968 simple_timer.cpp:55] [rocprofv3] 'build_ht16384/bin/benchmark_lz4_chunked -f tests/data/tti_rsf_64x64x64_t050.bin -p 65536 -x 64 -w 1 -i 2 -g 0' ::     0.528301 sec
W20260820 19:19:10.151084 140058611203968 generateRocpd.cpp:580] writing SQL database for process 69175 on node 4151243474
E20260820 19:19:10.154032 140058611203968 generateRocpd.cpp:603] Opened result file: /home/ckunas/pmc_matrix_mi210/db_ht16384_TCC_HIT/prof_results.db (UUID=00000069-da44-7a44-93fe-5a6c1d6c0fdd)
W20260820 19:19:10.302877 140058611203968 simple_timer.cpp:55] SQLite3 generation :: rocpd_string             ::     0.007789 sec
W20260820 19:19:10.305410 140058611203968 simple_timer.cpp:55] SQLite3 generation :: rocpd_info_node          ::     0.002523 sec
W20260820 19:19:10.308079 140058611203968 simple_timer.cpp:55] SQLite3 generation :: rocpd_info_process       ::     0.002666 sec
W20260820 19:19:10.318060 140058611203968 simple_timer.cpp:55] SQLite3 generation :: rocpd_info_agent         ::     0.004549 sec
W20260820 19:19:10.322146 140058611203968 simple_timer.cpp:55] SQLite3 generation :: rocpd_info_pmc           ::     0.004081 sec
W20260820 19:19:10.324932 140058611203968 simple_timer.cpp:55] SQLite3 generation :: rocpd kernel info        ::     0.002780 sec
W20260820 19:19:10.324937 140058611203968 simple_timer.cpp:55] SQLite3 generation :: rocpd_region             ::     0.000001 sec
W20260820 19:19:10.332997 140058611203968 simple_timer.cpp:55] SQLite3 generation :: rocpd_kernel_dispatch    ::     0.008058 sec
W20260820 19:19:10.357042 140058611203968 simple_timer.cpp:55] SQLite3 generation :: rocpd_pmc_event          ::     0.024037 sec
W20260820 19:19:10.357053 140058611203968 simple_timer.cpp:55] SQLite3 generation :: rocpd_memory_copy        ::     0.000000 sec
W20260820 19:19:10.357055 140058611203968 simple_timer.cpp:55] SQLite3 generation :: rocpd_memory_allocate    ::     0.000000 sec
W20260820 19:19:10.357225 140058611203968 simple_timer.cpp:55] SQLite3 generation :: SQL indexing             ::     0.000169 sec
W20260820 19:19:10.357777 140058611203968 simple_timer.cpp:55] SQLite3 generation :: total                    ::     0.206693 sec
W20260820 19:19:10.363822 140058611203968 simple_timer.cpp:55] [rocprofv3] tool finalization ::     0.239130 sec
