WARNING: While finding ROCm bind points: could not retrieve ld cache: exec: "/usr/sbin/ldconfig.real": stat /usr/sbin/ldconfig.real: no such file or directory
WARNING: Could not find any nv files on this host!
WARNING: Could not find any nv libraries on this host!
/usr/bin/bash: warning: setlocale: LC_ALL: cannot change locale (en_US.UTF-8)
W20260820 19:19:01.701980 140251095969664 simple_timer.cpp:55] [rocprofv3] tool initialization ::     0.109186 sec
W20260820 19:19:01.702692 140251095969664 simple_timer.cpp:55] [rocprofv3] 'build_ht256/bin/benchmark_lz4_chunked -f tests/data/tti_rsf_64x64x64_t050.bin -p 65536 -x 64 -w 1 -i 2 -g 0' ::     0.000000 sec
W20260820 19:19:01.816543 140251095969664 tool.cpp:2158] HSA version 8.18.1 initialized (instance=0)
W20260820 19:19:02.170831 140251095969664 simple_timer.cpp:55] [rocprofv3] 'build_ht256/bin/benchmark_lz4_chunked -f tests/data/tti_rsf_64x64x64_t050.bin -p 65536 -x 64 -w 1 -i 2 -g 0' ::     0.468139 sec
W20260820 19:19:02.198309 140251095969664 generateRocpd.cpp:580] writing SQL database for process 68700 on node 4151243474
E20260820 19:19:02.201370 140251095969664 generateRocpd.cpp:603] Opened result file: /home/ckunas/pmc_matrix_mi210/db_ht256_TCP_TCC_READ_REQ_sum/prof_results.db (UUID=00000069-bba1-7ba1-9dca-72cfa6cbe415)
W20260820 19:19:02.363560 140251095969664 simple_timer.cpp:55] SQLite3 generation :: rocpd_string             ::     0.007463 sec
W20260820 19:19:02.365004 140251095969664 simple_timer.cpp:55] SQLite3 generation :: rocpd_info_node          ::     0.001435 sec
W20260820 19:19:02.367509 140251095969664 simple_timer.cpp:55] SQLite3 generation :: rocpd_info_process       ::     0.002501 sec
W20260820 19:19:02.378257 140251095969664 simple_timer.cpp:55] SQLite3 generation :: rocpd_info_agent         ::     0.005288 sec
W20260820 19:19:02.382453 140251095969664 simple_timer.cpp:55] SQLite3 generation :: rocpd_info_pmc           ::     0.004191 sec
W20260820 19:19:02.385703 140251095969664 simple_timer.cpp:55] SQLite3 generation :: rocpd kernel info        ::     0.003245 sec
W20260820 19:19:02.385708 140251095969664 simple_timer.cpp:55] SQLite3 generation :: rocpd_region             ::     0.000001 sec
W20260820 19:19:02.394219 140251095969664 simple_timer.cpp:55] SQLite3 generation :: rocpd_kernel_dispatch    ::     0.008508 sec
W20260820 19:19:02.401816 140251095969664 simple_timer.cpp:55] SQLite3 generation :: rocpd_pmc_event          ::     0.007590 sec
W20260820 19:19:02.401822 140251095969664 simple_timer.cpp:55] SQLite3 generation :: rocpd_memory_copy        ::     0.000000 sec
W20260820 19:19:02.401824 140251095969664 simple_timer.cpp:55] SQLite3 generation :: rocpd_memory_allocate    ::     0.000000 sec
W20260820 19:19:02.401975 140251095969664 simple_timer.cpp:55] SQLite3 generation :: SQL indexing             ::     0.000150 sec
W20260820 19:19:02.402920 140251095969664 simple_timer.cpp:55] SQLite3 generation :: total                    ::     0.204611 sec
W20260820 19:19:02.408518 140251095969664 simple_timer.cpp:55] [rocprofv3] tool finalization ::     0.237562 sec
