WARNING: While finding ROCm bind points: could not retrieve ld cache: exec: "/usr/sbin/ldconfig.real": stat /usr/sbin/ldconfig.real: no such file or directory
WARNING: Could not find any nv files on this host!
WARNING: Could not find any nv libraries on this host!
/usr/bin/bash: warning: setlocale: LC_ALL: cannot change locale (en_US.UTF-8)
W20260820 19:19:04.384079 139727414112128 simple_timer.cpp:55] [rocprofv3] tool initialization ::     0.108687 sec
W20260820 19:19:04.384867 139727414112128 simple_timer.cpp:55] [rocprofv3] 'build_ht512/bin/benchmark_lz4_chunked -f tests/data/tti_rsf_64x64x64_t050.bin -p 65536 -x 64 -w 1 -i 2 -g 0' ::     0.000000 sec
W20260820 19:19:04.498173 139727414112128 tool.cpp:2158] HSA version 8.18.1 initialized (instance=0)
W20260820 19:19:04.849293 139727414112128 simple_timer.cpp:55] [rocprofv3] 'build_ht512/bin/benchmark_lz4_chunked -f tests/data/tti_rsf_64x64x64_t050.bin -p 65536 -x 64 -w 1 -i 2 -g 0' ::     0.464425 sec
W20260820 19:19:04.875459 139727414112128 generateRocpd.cpp:580] writing SQL database for process 68860 on node 4151243474
E20260820 19:19:04.878842 139727414112128 generateRocpd.cpp:603] Opened result file: /home/ckunas/pmc_matrix_mi210/db_ht512_TCC_HIT/prof_results.db (UUID=00000069-c5e7-75e7-98d4-69c888fa56a6)
W20260820 19:19:04.990204 139727414112128 simple_timer.cpp:55] SQLite3 generation :: rocpd_string             ::     0.006873 sec
W20260820 19:19:04.991798 139727414112128 simple_timer.cpp:55] SQLite3 generation :: rocpd_info_node          ::     0.001586 sec
W20260820 19:19:04.993289 139727414112128 simple_timer.cpp:55] SQLite3 generation :: rocpd_info_process       ::     0.001487 sec
W20260820 19:19:04.999329 139727414112128 simple_timer.cpp:55] SQLite3 generation :: rocpd_info_agent         ::     0.003628 sec
W20260820 19:19:05.002310 139727414112128 simple_timer.cpp:55] SQLite3 generation :: rocpd_info_pmc           ::     0.002975 sec
W20260820 19:19:05.004110 139727414112128 simple_timer.cpp:55] SQLite3 generation :: rocpd kernel info        ::     0.001795 sec
W20260820 19:19:05.004117 139727414112128 simple_timer.cpp:55] SQLite3 generation :: rocpd_region             ::     0.000002 sec
W20260820 19:19:05.011402 139727414112128 simple_timer.cpp:55] SQLite3 generation :: rocpd_kernel_dispatch    ::     0.007283 sec
W20260820 19:19:05.034335 139727414112128 simple_timer.cpp:55] SQLite3 generation :: rocpd_pmc_event          ::     0.022925 sec
W20260820 19:19:05.034348 139727414112128 simple_timer.cpp:55] SQLite3 generation :: rocpd_memory_copy        ::     0.000000 sec
W20260820 19:19:05.034351 139727414112128 simple_timer.cpp:55] SQLite3 generation :: rocpd_memory_allocate    ::     0.000000 sec
W20260820 19:19:05.034527 139727414112128 simple_timer.cpp:55] SQLite3 generation :: SQL indexing             ::     0.000175 sec
W20260820 19:19:05.035457 139727414112128 simple_timer.cpp:55] SQLite3 generation :: total                    ::     0.159998 sec
W20260820 19:19:05.041096 139727414112128 simple_timer.cpp:55] [rocprofv3] tool finalization ::     0.191700 sec
