WARNING: While finding ROCm bind points: could not retrieve ld cache: exec: "/usr/sbin/ldconfig.real": stat /usr/sbin/ldconfig.real: no such file or directory
WARNING: Could not find any nv files on this host!
WARNING: Could not find any nv libraries on this host!
/usr/bin/bash: warning: setlocale: LC_ALL: cannot change locale (en_US.UTF-8)
W20260820 19:19:06.956989 139888787464064 simple_timer.cpp:55] [rocprofv3] tool initialization ::     0.109944 sec
W20260820 19:19:06.957792 139888787464064 simple_timer.cpp:55] [rocprofv3] 'build_ht512/bin/benchmark_lz4_chunked -f tests/data/tti_rsf_64x64x64_t050.bin -p 65536 -x 64 -w 1 -i 2 -g 0' ::     0.000000 sec
W20260820 19:19:07.070075 139888787464064 tool.cpp:2158] HSA version 8.18.1 initialized (instance=0)
W20260820 19:19:07.419582 139888787464064 simple_timer.cpp:55] [rocprofv3] 'build_ht512/bin/benchmark_lz4_chunked -f tests/data/tti_rsf_64x64x64_t050.bin -p 65536 -x 64 -w 1 -i 2 -g 0' ::     0.461790 sec
W20260820 19:19:07.447402 139888787464064 generateRocpd.cpp:580] writing SQL database for process 69015 on node 4151243474
E20260820 19:19:07.449947 139888787464064 generateRocpd.cpp:603] Opened result file: /home/ckunas/pmc_matrix_mi210/db_ht512_TCP_TCC_READ_REQ_sum/prof_results.db (UUID=00000069-cffe-7ffe-af22-faf99594e986)
W20260820 19:19:07.592960 139888787464064 simple_timer.cpp:55] SQLite3 generation :: rocpd_string             ::     0.007900 sec
W20260820 19:19:07.595523 139888787464064 simple_timer.cpp:55] SQLite3 generation :: rocpd_info_node          ::     0.002553 sec
W20260820 19:19:07.598589 139888787464064 simple_timer.cpp:55] SQLite3 generation :: rocpd_info_process       ::     0.003063 sec
W20260820 19:19:07.608710 139888787464064 simple_timer.cpp:55] SQLite3 generation :: rocpd_info_agent         ::     0.004909 sec
W20260820 19:19:07.612201 139888787464064 simple_timer.cpp:55] SQLite3 generation :: rocpd_info_pmc           ::     0.003485 sec
W20260820 19:19:07.615540 139888787464064 simple_timer.cpp:55] SQLite3 generation :: rocpd kernel info        ::     0.003333 sec
W20260820 19:19:07.615546 139888787464064 simple_timer.cpp:55] SQLite3 generation :: rocpd_region             ::     0.000002 sec
W20260820 19:19:07.623480 139888787464064 simple_timer.cpp:55] SQLite3 generation :: rocpd_kernel_dispatch    ::     0.007932 sec
W20260820 19:19:07.629923 139888787464064 simple_timer.cpp:55] SQLite3 generation :: rocpd_pmc_event          ::     0.006435 sec
W20260820 19:19:07.629929 139888787464064 simple_timer.cpp:55] SQLite3 generation :: rocpd_memory_copy        ::     0.000000 sec
W20260820 19:19:07.629931 139888787464064 simple_timer.cpp:55] SQLite3 generation :: rocpd_memory_allocate    ::     0.000000 sec
W20260820 19:19:07.630083 139888787464064 simple_timer.cpp:55] SQLite3 generation :: SQL indexing             ::     0.000151 sec
W20260820 19:19:07.630834 139888787464064 simple_timer.cpp:55] SQLite3 generation :: total                    ::     0.183432 sec
W20260820 19:19:07.636524 139888787464064 simple_timer.cpp:55] [rocprofv3] tool finalization ::     0.216819 sec
