WARNING: While finding ROCm bind points: could not retrieve ld cache: exec: "/usr/sbin/ldconfig.real": stat /usr/sbin/ldconfig.real: no such file or directory
WARNING: Could not find any nv files on this host!
WARNING: Could not find any nv libraries on this host!
/usr/bin/bash: warning: setlocale: LC_ALL: cannot change locale (en_US.UTF-8)
W20260820 19:19:22.727109 140223838257024 simple_timer.cpp:55] [rocprofv3] tool initialization ::     0.109659 sec
W20260820 19:19:22.727917 140223838257024 simple_timer.cpp:55] [rocprofv3] 'build_spread128/bin/benchmark_lz4_chunked -f tests/data/tti_rsf_64x64x64_t050.bin -p 65536 -x 64 -w 1 -i 2 -g 0' ::     0.000000 sec
W20260820 19:19:22.837835 140223838257024 tool.cpp:2158] HSA version 8.18.1 initialized (instance=0)
W20260820 19:19:23.232173 140223838257024 simple_timer.cpp:55] [rocprofv3] 'build_spread128/bin/benchmark_lz4_chunked -f tests/data/tti_rsf_64x64x64_t050.bin -p 65536 -x 64 -w 1 -i 2 -g 0' ::     0.504256 sec
W20260820 19:19:23.257916 140223838257024 generateRocpd.cpp:580] writing SQL database for process 69998 on node 4151243474
E20260820 19:19:23.260907 140223838257024 generateRocpd.cpp:603] Opened result file: /home/ckunas/pmc_matrix_mi210/db_spread128_TCP_TCC_READ_REQ_sum/prof_results.db (UUID=0000006a-0d97-7d97-817e-d2836f4c84f2)
W20260820 19:19:23.417823 140223838257024 simple_timer.cpp:55] SQLite3 generation :: rocpd_string             ::     0.007699 sec
W20260820 19:19:23.420322 140223838257024 simple_timer.cpp:55] SQLite3 generation :: rocpd_info_node          ::     0.002488 sec
W20260820 19:19:23.422788 140223838257024 simple_timer.cpp:55] SQLite3 generation :: rocpd_info_process       ::     0.002462 sec
W20260820 19:19:23.430681 140223838257024 simple_timer.cpp:55] SQLite3 generation :: rocpd_info_agent         ::     0.004932 sec
W20260820 19:19:23.434336 140223838257024 simple_timer.cpp:55] SQLite3 generation :: rocpd_info_pmc           ::     0.003648 sec
W20260820 19:19:23.437291 140223838257024 simple_timer.cpp:55] SQLite3 generation :: rocpd kernel info        ::     0.002951 sec
W20260820 19:19:23.437297 140223838257024 simple_timer.cpp:55] SQLite3 generation :: rocpd_region             ::     0.000002 sec
W20260820 19:19:23.445256 140223838257024 simple_timer.cpp:55] SQLite3 generation :: rocpd_kernel_dispatch    ::     0.007958 sec
W20260820 19:19:23.452716 140223838257024 simple_timer.cpp:55] SQLite3 generation :: rocpd_pmc_event          ::     0.007452 sec
W20260820 19:19:23.452722 140223838257024 simple_timer.cpp:55] SQLite3 generation :: rocpd_memory_copy        ::     0.000000 sec
W20260820 19:19:23.452724 140223838257024 simple_timer.cpp:55] SQLite3 generation :: rocpd_memory_allocate    ::     0.000000 sec
W20260820 19:19:23.452881 140223838257024 simple_timer.cpp:55] SQLite3 generation :: SQL indexing             ::     0.000155 sec
W20260820 19:19:23.453437 140223838257024 simple_timer.cpp:55] SQLite3 generation :: total                    ::     0.195521 sec
W20260820 19:19:23.458603 140223838257024 simple_timer.cpp:55] [rocprofv3] tool finalization ::     0.226304 sec
