WARNING: While finding ROCm bind points: could not retrieve ld cache: exec: "/usr/sbin/ldconfig.real": stat /usr/sbin/ldconfig.real: no such file or directory
WARNING: Could not find any nv files on this host!
WARNING: Could not find any nv libraries on this host!
/usr/bin/bash: warning: setlocale: LC_ALL: cannot change locale (en_US.UTF-8)
W20260820 19:19:20.096124 140278994595712 simple_timer.cpp:55] [rocprofv3] tool initialization ::     0.110504 sec
W20260820 19:19:20.096944 140278994595712 simple_timer.cpp:55] [rocprofv3] 'build_spread128/bin/benchmark_lz4_chunked -f tests/data/tti_rsf_64x64x64_t050.bin -p 65536 -x 64 -w 1 -i 2 -g 0' ::     0.000000 sec
W20260820 19:19:20.208665 140278994595712 tool.cpp:2158] HSA version 8.18.1 initialized (instance=0)
W20260820 19:19:20.604101 140278994595712 simple_timer.cpp:55] [rocprofv3] 'build_spread128/bin/benchmark_lz4_chunked -f tests/data/tti_rsf_64x64x64_t050.bin -p 65536 -x 64 -w 1 -i 2 -g 0' ::     0.507158 sec
W20260820 19:19:20.633244 140278994595712 generateRocpd.cpp:580] writing SQL database for process 69834 on node 4151243474
E20260820 19:19:20.636294 140278994595712 generateRocpd.cpp:603] Opened result file: /home/ckunas/pmc_matrix_mi210/db_spread128_TCC_HIT/prof_results.db (UUID=0000006a-0347-7347-9055-2774d162fa6d)
W20260820 19:19:20.772574 140278994595712 simple_timer.cpp:55] SQLite3 generation :: rocpd_string             ::     0.008054 sec
W20260820 19:19:20.774165 140278994595712 simple_timer.cpp:55] SQLite3 generation :: rocpd_info_node          ::     0.001582 sec
W20260820 19:19:20.776815 140278994595712 simple_timer.cpp:55] SQLite3 generation :: rocpd_info_process       ::     0.002646 sec
W20260820 19:19:20.786206 140278994595712 simple_timer.cpp:55] SQLite3 generation :: rocpd_info_agent         ::     0.004794 sec
W20260820 19:19:20.790558 140278994595712 simple_timer.cpp:55] SQLite3 generation :: rocpd_info_pmc           ::     0.004346 sec
W20260820 19:19:20.793387 140278994595712 simple_timer.cpp:55] SQLite3 generation :: rocpd kernel info        ::     0.002824 sec
W20260820 19:19:20.793394 140278994595712 simple_timer.cpp:55] SQLite3 generation :: rocpd_region             ::     0.000002 sec
W20260820 19:19:20.801125 140278994595712 simple_timer.cpp:55] SQLite3 generation :: rocpd_kernel_dispatch    ::     0.007728 sec
W20260820 19:19:20.826519 140278994595712 simple_timer.cpp:55] SQLite3 generation :: rocpd_pmc_event          ::     0.025384 sec
W20260820 19:19:20.826533 140278994595712 simple_timer.cpp:55] SQLite3 generation :: rocpd_memory_copy        ::     0.000000 sec
W20260820 19:19:20.826535 140278994595712 simple_timer.cpp:55] SQLite3 generation :: rocpd_memory_allocate    ::     0.000000 sec
W20260820 19:19:20.826722 140278994595712 simple_timer.cpp:55] SQLite3 generation :: SQL indexing             ::     0.000184 sec
W20260820 19:19:20.827622 140278994595712 simple_timer.cpp:55] SQLite3 generation :: total                    ::     0.194379 sec
W20260820 19:19:20.833257 140278994595712 simple_timer.cpp:55] [rocprofv3] tool finalization ::     0.229024 sec
