=== Stage 3: sweep -> /home/ckunas/sbac_pad_v2/results/larochette_FULL_20260525_165539 ===
will run 235 benchmark invocations
[  1/235 16:55:43] tti      10mb  lz4             baseline 
[  2/235 16:55:47] tti      10mb  lz4             pinned   
[  3/235 16:55:52] tti      10mb  lz4             adaptive 
[  4/235 16:55:56] tti      10mb  snappy          baseline 
[  5/235 16:56:00] tti      10mb  snappy          pinned   
[  6/235 16:56:03] tti      10mb  snappy          adaptive 
[  7/235 16:56:07] tti      10mb  cascaded        baseline 
[  8/235 16:56:10] tti      10mb  cascaded        pinned   
[  9/235 16:56:13] tti      10mb  cascaded        adaptive 
[ 10/235 16:56:17] zeros    10mb  lz4             baseline 
[ 11/235 16:56:20] zeros    10mb  lz4             pinned   
[ 12/235 16:56:24] zeros    10mb  lz4             adaptive 
[ 13/235 16:56:27] zeros    10mb  snappy          baseline 
[ 14/235 16:56:31] zeros    10mb  snappy          pinned   
[ 15/235 16:56:34] zeros    10mb  snappy          adaptive 
[ 16/235 16:56:38] zeros    10mb  cascaded        baseline 
[ 17/235 16:56:41] zeros    10mb  cascaded        pinned   
[ 18/235 16:56:45] zeros    10mb  cascaded        adaptive 
[ 19/235 16:56:48] random   10mb  lz4             baseline 
[ 20/235 16:56:52] random   10mb  lz4             pinned   
[ 21/235 16:56:56] random   10mb  lz4             adaptive 
[ 22/235 16:57:00] random   10mb  snappy          baseline 
[ 23/235 16:57:03] random   10mb  snappy          pinned   
[ 24/235 16:57:07] random   10mb  snappy          adaptive 
[ 25/235 16:57:10] random   10mb  cascaded        baseline 
[ 26/235 16:57:14] random   10mb  cascaded        pinned   
[ 27/235 16:57:17] random   10mb  cascaded        adaptive 
[ 28/235 16:57:21] binary   10mb  lz4             baseline 
[ 29/235 16:57:24] binary   10mb  lz4             pinned   
[ 30/235 16:57:28] binary   10mb  lz4             adaptive 
[ 31/235 16:57:32] binary   10mb  snappy          baseline 
[ 32/235 16:57:35] binary   10mb  snappy          pinned   
[ 33/235 16:57:39] binary   10mb  snappy          adaptive 
[ 34/235 16:57:42] binary   10mb  cascaded        baseline 
[ 35/235 16:57:46] binary   10mb  cascaded        pinned   
[ 36/235 16:57:49] binary   10mb  cascaded        adaptive 
[ 37/235 16:57:53] tti      100mb lz4             baseline 
[ 38/235 16:57:59] tti      100mb lz4             pinned   
[ 39/235 16:58:05] tti      100mb lz4             adaptive 
[ 40/235 16:58:11] tti      100mb snappy          baseline 
[ 41/235 16:58:15] tti      100mb snappy          pinned   
[ 42/235 16:58:19] tti      100mb snappy          adaptive 
[ 43/235 16:58:24] tti      100mb cascaded        baseline 
[ 44/235 16:58:28] tti      100mb cascaded        pinned   
[ 45/235 16:58:32] tti      100mb cascaded        adaptive 
[ 46/235 16:58:37] zeros    100mb lz4             baseline 
[ 47/235 16:58:41] zeros    100mb lz4             pinned   
[ 48/235 16:58:45] zeros    100mb lz4             adaptive 
[ 49/235 16:58:49] zeros    100mb snappy          baseline 
[ 50/235 16:58:54] zeros    100mb snappy          pinned   
[ 51/235 16:58:58] zeros    100mb snappy          adaptive 
[ 52/235 16:59:03] zeros    100mb cascaded        baseline 
[ 53/235 16:59:07] zeros    100mb cascaded        pinned   
[ 54/235 16:59:11] zeros    100mb cascaded        adaptive 
[ 55/235 16:59:16] random   100mb lz4             baseline 
[ 56/235 16:59:22] random   100mb lz4             pinned   
[ 57/235 16:59:28] random   100mb lz4             adaptive 
[ 58/235 16:59:34] random   100mb snappy          baseline 
[ 59/235 16:59:38] random   100mb snappy          pinned   
[ 60/235 16:59:42] random   100mb snappy          adaptive 
[ 61/235 16:59:47] random   100mb cascaded        baseline 
[ 62/235 16:59:51] random   100mb cascaded        pinned   
[ 63/235 16:59:55] random   100mb cascaded        adaptive 
[ 64/235 17:00:00] binary   100mb lz4             baseline 
[ 65/235 17:00:05] binary   100mb lz4             pinned   
[ 66/235 17:00:09] binary   100mb lz4             adaptive 
[ 67/235 17:00:14] binary   100mb snappy          baseline 
[ 68/235 17:00:18] binary   100mb snappy          pinned   
[ 69/235 17:00:23] binary   100mb snappy          adaptive 
[ 70/235 17:00:27] binary   100mb cascaded        baseline 
[ 71/235 17:00:31] binary   100mb cascaded        pinned   
[ 72/235 17:00:36] binary   100mb cascaded        adaptive 
[ 73/235 17:00:40] tti      1gb   lz4             baseline 
[ 74/235 17:01:05] tti      1gb   lz4             pinned   
[ 75/235 17:01:31] tti      1gb   lz4             adaptive 
[ 76/235 17:01:57] tti      1gb   snappy          baseline 
[ 77/235 17:02:08] tti      1gb   snappy          pinned   
[ 78/235 17:02:19] tti      1gb   snappy          adaptive 
[ 79/235 17:02:33] tti      1gb   cascaded        baseline 
[ 80/235 17:02:45] tti      1gb   cascaded        pinned   
[ 81/235 17:02:57] tti      1gb   cascaded        adaptive 
[ 82/235 17:03:09] zeros    1gb   lz4             baseline 
[ 83/235 17:03:19] zeros    1gb   lz4             pinned   
[ 84/235 17:03:31] zeros    1gb   lz4             adaptive 
[ 85/235 17:03:42] zeros    1gb   snappy          baseline 
[ 86/235 17:03:55] zeros    1gb   snappy          pinned   
[ 87/235 17:04:07] zeros    1gb   snappy          adaptive 
[ 88/235 17:04:22] zeros    1gb   cascaded        baseline 
[ 89/235 17:04:31] zeros    1gb   cascaded        pinned   
[ 90/235 17:04:43] zeros    1gb   cascaded        adaptive 
[ 91/235 17:04:57] random   1gb   lz4             baseline 
[ 92/235 17:05:22] random   1gb   lz4             pinned   
[ 93/235 17:05:48] random   1gb   lz4             adaptive 
[ 94/235 17:06:15] random   1gb   snappy          baseline 
[ 95/235 17:06:26] random   1gb   snappy          pinned   
[ 96/235 17:06:38] random   1gb   snappy          adaptive 
[ 97/235 17:06:49] random   1gb   cascaded        baseline 
[ 98/235 17:07:01] random   1gb   cascaded        pinned   
[ 99/235 17:07:14] random   1gb   cascaded        adaptive 
[100/235 17:07:27] binary   1gb   lz4             baseline 
[101/235 17:07:43] binary   1gb   lz4             pinned   
[102/235 17:07:58] binary   1gb   lz4             adaptive 
[103/235 17:08:13] binary   1gb   snappy          baseline 
[104/235 17:08:24] binary   1gb   snappy          pinned   
[105/235 17:08:37] binary   1gb   snappy          adaptive 
[106/235 17:08:50] binary   1gb   cascaded        baseline 
[107/235 17:09:01] binary   1gb   cascaded        pinned   
[108/235 17:09:13] binary   1gb   cascaded        adaptive 
[109/235 17:09:26] tti      4gb   lz4             baseline 
[110/235 17:10:52] tti      4gb   lz4             pinned   
[111/235 17:12:20] tti      4gb   lz4             adaptive 
[112/235 17:13:50] tti      4gb   snappy          baseline 
[113/235 17:14:23] tti      4gb   snappy          pinned   
[114/235 17:15:00] tti      4gb   snappy          adaptive 
[115/235 17:15:37] tti      4gb   cascaded        baseline 
[116/235 17:16:12] tti      4gb   cascaded        pinned   
[117/235 17:16:46] tti      4gb   cascaded        adaptive 
[118/235 17:17:25] zeros    4gb   lz4             baseline 
[119/235 17:17:58] zeros    4gb   lz4             pinned   
[120/235 17:18:33] zeros    4gb   lz4             adaptive 
[121/235 17:19:10] zeros    4gb   snappy          baseline 
[122/235 17:19:46] zeros    4gb   snappy          pinned   
[123/235 17:20:24] zeros    4gb   snappy          adaptive 
[124/235 17:21:04] zeros    4gb   cascaded        baseline 
[125/235 17:21:38] zeros    4gb   cascaded        pinned   
[126/235 17:22:13] zeros    4gb   cascaded        adaptive 
[127/235 17:22:49] random   4gb   lz4             baseline 
[128/235 17:24:19] random   4gb   lz4             pinned   
[129/235 17:25:51] random   4gb   lz4             adaptive 
[130/235 17:27:23] random   4gb   snappy          baseline 
[131/235 17:27:55] random   4gb   snappy          pinned   
[132/235 17:28:30] random   4gb   snappy          adaptive 
[133/235 17:29:05] random   4gb   cascaded        baseline 
[134/235 17:29:38] random   4gb   cascaded        pinned   
[135/235 17:30:14] random   4gb   cascaded        adaptive 
[136/235 17:30:51] binary   4gb   lz4             baseline 
[137/235 17:31:37] binary   4gb   lz4             pinned   
[138/235 17:32:23] binary   4gb   lz4             adaptive 
[139/235 17:33:13] binary   4gb   snappy          baseline 
[140/235 17:33:48] binary   4gb   snappy          pinned   
[141/235 17:34:24] binary   4gb   snappy          adaptive 
[142/235 17:35:07] binary   4gb   cascaded        baseline 
[143/235 17:35:40] binary   4gb   cascaded        pinned   
[144/235 17:36:15] binary   4gb   cascaded        adaptive 
[145/235 17:36:52] tti      8gb   lz4             baseline 
[146/235 17:39:41] tti      8gb   lz4             pinned   
[147/235 17:42:32] tti      8gb   lz4             adaptive 
[148/235 17:45:28] tti      8gb   snappy          baseline 
[149/235 17:46:33] tti      8gb   snappy          pinned   
[150/235 17:47:39] tti      8gb   snappy          adaptive 
[151/235 17:48:51] tti      8gb   cascaded        baseline 
[152/235 17:49:55] tti      8gb   cascaded        pinned   
[153/235 17:51:00] tti      8gb   cascaded        adaptive 
[154/235 17:52:10] zeros    8gb   lz4             baseline 
[155/235 17:53:12] zeros    8gb   lz4             pinned   
[156/235 17:54:18] zeros    8gb   lz4             adaptive 
[157/235 17:55:26] zeros    8gb   snappy          baseline 
[158/235 17:56:40] zeros    8gb   snappy          pinned   
[159/235 17:57:56] zeros    8gb   snappy          adaptive 
[160/235 17:59:16] zeros    8gb   cascaded        baseline 
[161/235 18:00:20] zeros    8gb   cascaded        pinned   
[162/235 18:01:26] zeros    8gb   cascaded        adaptive 
[163/235 18:02:39] random   8gb   lz4             baseline 
[164/235 18:05:33] random   8gb   lz4             pinned   
[165/235 18:08:36] random   8gb   lz4             adaptive 
[166/235 18:11:38] random   8gb   snappy          baseline 
[167/235 18:12:40] random   8gb   snappy          pinned   
[168/235 18:13:47] random   8gb   snappy          adaptive 
[169/235 18:14:57] random   8gb   cascaded        baseline 
[170/235 18:16:00] random   8gb   cascaded        pinned   
[171/235 18:17:04] random   8gb   cascaded        adaptive 
[172/235 18:18:13] binary   8gb   lz4             baseline 
[173/235 18:19:40] binary   8gb   lz4             pinned   
[174/235 18:21:08] binary   8gb   lz4             adaptive 
[175/235 18:22:41] binary   8gb   snappy          baseline 
[176/235 18:23:47] binary   8gb   snappy          pinned   
[177/235 18:24:55] binary   8gb   snappy          adaptive 
[178/235 18:26:11] binary   8gb   cascaded        baseline 
[179/235 18:27:15] binary   8gb   cascaded        pinned   
[180/235 18:28:23] binary   8gb   cascaded        adaptive 
[skip] all 16gb runs exceed MAX_GB_FOR_GPU=8
[181/235 18:29:35] tti      10mb  zfp/fixed_accuracy=1e-3
[182/235 18:29:39] tti      10mb  zfp/fixed_accuracy=1e-4
[183/235 18:29:42] tti      10mb  zfp/fixed_accuracy=1e-5
[184/235 18:29:45] tti      10mb  zfp/fixed_accuracy=1e-6
[185/235 18:29:49] tti      10mb  zfp/fixed_rate=4    
[186/235 18:29:52] tti      10mb  zfp/fixed_rate=8    
[187/235 18:29:55] tti      10mb  zfp/fixed_rate=16   
[188/235 18:29:59] tti      10mb  zfp/fixed_rate=24   
[189/235 18:30:02] tti      10mb  zfp/fixed_precision=8
[190/235 18:30:05] tti      10mb  zfp/fixed_precision=16
[191/235 18:30:09] tti      10mb  zfp/fixed_precision=24
[192/235 18:30:12] tti      100mb zfp/fixed_accuracy=1e-3
[193/235 18:30:15] tti      100mb zfp/fixed_accuracy=1e-4
[194/235 18:30:19] tti      100mb zfp/fixed_accuracy=1e-5
[195/235 18:30:24] tti      100mb zfp/fixed_accuracy=1e-6
[196/235 18:30:28] tti      100mb zfp/fixed_rate=4    
[197/235 18:30:32] tti      100mb zfp/fixed_rate=8    
[198/235 18:30:35] tti      100mb zfp/fixed_rate=16   
[199/235 18:30:39] tti      100mb zfp/fixed_rate=24   
[200/235 18:30:43] tti      100mb zfp/fixed_precision=8
[201/235 18:30:47] tti      100mb zfp/fixed_precision=16
[202/235 18:30:51] tti      100mb zfp/fixed_precision=24
[203/235 18:30:55] tti      1gb   zfp/fixed_accuracy=1e-3
[204/235 18:31:04] tti      1gb   zfp/fixed_accuracy=1e-4
[205/235 18:31:13] tti      1gb   zfp/fixed_accuracy=1e-5
[206/235 18:31:24] tti      1gb   zfp/fixed_accuracy=1e-6
[207/235 18:31:34] tti      1gb   zfp/fixed_rate=4    
[208/235 18:31:40] tti      1gb   zfp/fixed_rate=8    
[209/235 18:31:47] tti      1gb   zfp/fixed_rate=16   
[210/235 18:31:55] tti      1gb   zfp/fixed_rate=24   
[211/235 18:32:04] tti      1gb   zfp/fixed_precision=8
[212/235 18:32:14] tti      1gb   zfp/fixed_precision=16
[213/235 18:32:22] tti      1gb   zfp/fixed_precision=24
[214/235 18:32:33] tti      4gb   zfp/fixed_accuracy=1e-3
[215/235 18:32:56] tti      4gb   zfp/fixed_accuracy=1e-4
[216/235 18:33:20] tti      4gb   zfp/fixed_accuracy=1e-5
[217/235 18:33:47] tti      4gb   zfp/fixed_accuracy=1e-6
[218/235 18:34:15] tti      4gb   zfp/fixed_rate=4    
[219/235 18:34:31] tti      4gb   zfp/fixed_rate=8    
[220/235 18:34:53] tti      4gb   zfp/fixed_rate=16   
[221/235 18:35:16] tti      4gb   zfp/fixed_rate=24   
[222/235 18:35:47] tti      4gb   zfp/fixed_precision=8
[223/235 18:36:08] tti      4gb   zfp/fixed_precision=16
[224/235 18:36:33] tti      4gb   zfp/fixed_precision=24
[225/235 18:37:01] tti      8gb   zfp/fixed_accuracy=1e-3
[226/235 18:37:41] tti      8gb   zfp/fixed_accuracy=1e-4
[227/235 18:38:24] tti      8gb   zfp/fixed_accuracy=1e-5
[228/235 18:39:09] tti      8gb   zfp/fixed_accuracy=1e-6
[229/235 18:40:00] tti      8gb   zfp/fixed_rate=4    
[230/235 18:40:27] tti      8gb   zfp/fixed_rate=8    
[231/235 18:40:57] tti      8gb   zfp/fixed_rate=16   
[232/235 18:41:36] tti      8gb   zfp/fixed_rate=24   
[233/235 18:42:24] tti      8gb   zfp/fixed_precision=8
[234/235 18:43:05] tti      8gb   zfp/fixed_precision=16
[235/235 18:43:48] tti      8gb   zfp/fixed_precision=24

=== sweep done. CSVs: 235 ===

to keep the home quota free, optionally remove the scratch:
  rm -rf /tmp/arcto_canonical
